******************************************************************************
             TMS320C2000 Linker PC v18.1.4                     
******************************************************************************
>> Linked Tue Aug 25 14:54:36 2020

OUTPUT FILE NAME:   <lab46_SD_SPI.out>
ENTRY POINT SYMBOL: "_c_int00"  address: 0000d0f2


MEMORY CONFIGURATION

         name            origin    length      used     unused   attr    fill
----------------------  --------  ---------  --------  --------  ----  --------
PAGE 0:
  BEGIN                 00000000   00000002  00000002  00000000  RWIX
  RAMM0                 00000122   000002de  0000005e  00000280  RWIX
  RAMD0                 0000b000   00000800  00000000  00000800  RWIX
  RAMGS0                0000c000   00001000  00001000  00000000  RWIX
  RAMGS1                0000d000   00001000  0000020d  00000df3  RWIX
  RAMGS2                0000e000   00001000  00000000  00001000  RWIX
  RAMGS3                0000f000   00001000  00000000  00001000  RWIX
  RAMGS4                00010000   00001000  00000000  00001000  RWIX
  RAMGS5                00011000   00002000  00001604  000009fc  RWIX
  RESET                 003fffc0   00000002  00000000  00000002  RWIX

PAGE 1:
  BOOT_RSVD             00000002   00000120  00000000  00000120  RWIX
  RAMM1                 00000400   00000400  00000200  00000200  RWIX
  ADCA_RESULT           00000b00   00000020  00000018  00000008  RWIX
  ADCB_RESULT           00000b20   00000020  00000018  00000008  RWIX
  ADCC_RESULT           00000b40   00000020  00000018  00000008  RWIX
  ADCD_RESULT           00000b60   00000020  00000018  00000008  RWIX
  CPU_TIMER0            00000c00   00000008  00000008  00000000  RWIX
  CPU_TIMER1            00000c08   00000008  00000008  00000000  RWIX
  CPU_TIMER2            00000c10   00000008  00000008  00000000  RWIX
  PIE_CTRL              00000ce0   00000020  0000001a  00000006  RWIX
  PIE_VECT              00000d00   00000200  000001c0  00000040  RWIX
  DMA                   00001000   00000200  000000e0  00000120  RWIX
  CLA1                  00001400   00000040  0000003e  00000002  RWIX
  EPWM1                 00004000   00000100  00000100  00000000  RWIX
  EPWM2                 00004100   00000100  00000100  00000000  RWIX
  EPWM3                 00004200   00000100  00000100  00000000  RWIX
  EPWM4                 00004300   00000100  00000100  00000000  RWIX
  EPWM5                 00004400   00000100  00000100  00000000  RWIX
  EPWM6                 00004500   00000100  00000100  00000000  RWIX
  EPWM7                 00004600   00000100  00000100  00000000  RWIX
  EPWM8                 00004700   00000100  00000100  00000000  RWIX
  EPWM9                 00004800   00000100  00000100  00000000  RWIX
  EPWM10                00004900   00000100  00000100  00000000  RWIX
  EPWM11                00004a00   00000100  00000100  00000000  RWIX
  EPWM12                00004b00   00000100  00000100  00000000  RWIX
  ECAP1                 00005000   00000020  00000020  00000000  RWIX
  ECAP2                 00005020   00000020  00000020  00000000  RWIX
  ECAP3                 00005040   00000020  00000020  00000000  RWIX
  ECAP4                 00005060   00000020  00000020  00000000  RWIX
  ECAP5                 00005080   00000020  00000020  00000000  RWIX
  ECAP6                 000050a0   00000020  00000020  00000000  RWIX
  EQEP1                 00005100   00000040  00000022  0000001e  RWIX
  EQEP2                 00005140   00000040  00000022  0000001e  RWIX
  EQEP3                 00005180   00000040  00000022  0000001e  RWIX
  DACA                  00005c00   00000010  00000008  00000008  RWIX
  DACB                  00005c10   00000010  00000008  00000008  RWIX
  DACC                  00005c20   00000010  00000008  00000008  RWIX
  CMPSS1                00005c80   00000020  00000020  00000000  RWIX
  CMPSS2                00005ca0   00000020  00000020  00000000  RWIX
  CMPSS3                00005cc0   00000020  00000020  00000000  RWIX
  CMPSS4                00005ce0   00000020  00000020  00000000  RWIX
  CMPSS5                00005d00   00000020  00000020  00000000  RWIX
  CMPSS6                00005d20   00000020  00000020  00000000  RWIX
  CMPSS7                00005d40   00000020  00000020  00000000  RWIX
  CMPSS8                00005d60   00000020  00000020  00000000  RWIX
  SDFM1                 00005e00   00000080  00000080  00000000  RWIX
  SDFM2                 00005e80   00000080  00000080  00000000  RWIX
  MCBSPA                00006000   00000040  00000024  0000001c  RWIX
  MCBSPB                00006040   00000040  00000024  0000001c  RWIX
  SPIA                  00006100   00000010  00000010  00000000  RWIX
  SPIB                  00006110   00000010  00000010  00000000  RWIX
  SPIC                  00006120   00000010  00000010  00000000  RWIX
  SPID                  00006130   00000010  00000000  00000010  RWIX
  UPP                   00006200   00000100  00000048  000000b8  RWIX
  WD                    00007000   00000040  0000002b  00000015  RWIX
  NMIINTRUPT            00007060   00000010  00000007  00000009  RWIX
  XINT                  00007070   00000010  0000000b  00000005  RWIX
  SCIA                  00007200   00000010  00000010  00000000  RWIX
  SCIB                  00007210   00000010  00000010  00000000  RWIX
  SCIC                  00007220   00000010  00000010  00000000  RWIX
  SCID                  00007230   00000010  00000010  00000000  RWIX
  I2CA                  00007300   00000040  00000022  0000001e  RWIX
  I2CB                  00007340   00000040  00000022  0000001e  RWIX
  ADCA                  00007400   00000080  00000080  00000000  RWIX
  ADCB                  00007480   00000080  00000080  00000000  RWIX
  ADCC                  00007500   00000080  00000080  00000000  RWIX
  ADCD                  00007580   00000080  00000080  00000000  RWIX
  INPUT_XBAR            00007900   00000020  00000020  00000000  RWIX
  XBAR                  00007920   00000020  00000020  00000000  RWIX
  SYNC_SOC              00007940   00000010  00000006  0000000a  RWIX
  DMACLASRCSEL          00007980   00000040  0000001a  00000026  RWIX
  EPWM_XBAR             00007a00   00000040  00000040  00000000  RWIX
  CLB_XBAR              00007a40   00000040  00000000  00000040  RWIX
  OUTPUT_XBAR           00007a80   00000040  00000040  00000000  RWIX
  GPIOCTRL              00007c00   00000180  00000180  00000000  RWIX
  GPIODAT               00007f00   00000030  00000030  00000000  RWIX
  RAMLS01               00008000   00001000  00000726  000008da  RWIX
  RAMLS2                00009000   00000800  00000000  00000800  RWIX
  RAMLS3                00009800   00000800  00000000  00000800  RWIX
  RAMLS4                0000a000   00000800  000001dc  00000624  RWIX
  RAMLS5                0000a800   00000800  00000000  00000800  RWIX
  RAMD1                 0000b800   00000800  00000000  00000800  RWIX
  RAMGS7                00013000   00001000  00000000  00001000  RWIX
  RAMGS8                00014000   00001000  00000000  00001000  RWIX
  RAMGS9                00015000   00001000  00000000  00001000  RWIX
  RAMGS10               00016000   00001000  00000000  00001000  RWIX
  RAMGS11               00017000   00001000  00000000  00001000  RWIX
  RAMGS12               00018000   00001000  00000000  00001000  RWIX
  RAMGS13               00019000   00001000  00000000  00001000  RWIX
  RAMGS14               0001a000   00001000  00000000  00001000  RWIX
  RAMGS15               0001b000   00001000  00000000  00001000  RWIX
  CPU2TOCPU1RAM         0003f800   00000400  00000000  00000400  RWIX
  CPU1TOCPU2RAM         0003fc00   00000400  00000000  00000400  RWIX
  EMIF1                 00047000   00000800  00000070  00000790  RWIX
  EMIF2                 00047800   00000800  00000070  00000790  RWIX
  CANA_MSG_RAM          00049000   00000800  00000000  00000800  RWIX
  CANB_MSG_RAM          0004b000   00000800  00000000  00000800  RWIX
  FLASHPUMPSEMAPHORE    00050024   00000002  00000002  00000000  RWIX
  DEV_CFG               0005d000   00000180  0000012e  00000052  RWIX
  ANALOG_SUBSYS         0005d180   00000080  00000048  00000038  RWIX
  CLK_CFG               0005d200   00000100  00000032  000000ce  RWIX
  CPU_SYS               0005d300   00000100  00000082  0000007e  RWIX
  ROMPREFETCH           0005e608   00000002  00000002  00000000  RWIX
  DCSM_Z1               0005f000   00000030  00000024  0000000c  RWIX
  DCSM_Z2               0005f040   00000030  00000024  0000000c  RWIX
  DCSM_COMMON           0005f070   00000010  00000008  00000008  RWIX
  MEMCFG                0005f400   00000080  00000080  00000000  RWIX
  EMIF1CONFIG           0005f480   00000020  00000020  00000000  RWIX
  EMIF2CONFIG           0005f4a0   00000020  00000020  00000000  RWIX
  ACCESSPROTECTION      0005f4c0   00000040  00000040  00000000  RWIX
  MEMORYERROR           0005f500   00000040  00000040  00000000  RWIX
  ROMWAITSTATE          0005f540   00000002  00000002  00000000  RWIX
  FLASH0_CTRL           0005f800   00000300  00000182  0000017e  RWIX
  FLASH0_ECC            0005fb00   00000040  00000028  00000018  RWIX
  FLASH1_CTRL           0005fc00   00000300  00000182  0000017e  RWIX
  FLASH1_ECC            0005ff00   00000040  00000028  00000018  RWIX
  DCSM_Z1_OTP           00078000   00000020  00000020  00000000  RWIX
  DCSM_Z2_OTP           00078200   00000020  00000020  00000000  RWIX


SECTION ALLOCATION MAP

 output                                  attributes/
section   page    origin      length       input sections
--------  ----  ----------  ----------   ----------------
codestart 
*          0    00000000    00000002     
                  00000000    00000002     F2837xS_CodeStartBranch.obj (codestart)

ramfuncs   0    0000017c    00000004     
                  0000017c    00000004     F2837xS_usDelay.obj (ramfuncs)

.cinit     0    00000122    0000005a     
                  00000122    00000030     main.obj (.cinit)
                  00000152    0000000e     rts2800_fpu32.lib : exit.c.obj (.cinit)
                  00000160    0000000c     SD_SPI_Initialization.obj (.cinit)
                  0000016c    00000005     rts2800_fpu32.lib : _lock.c.obj (.cinit:__lock)
                  00000171    00000005                       : _lock.c.obj (.cinit:__unlock)
                  00000176    00000004     diskio.obj (.cinit)
                  0000017a    00000002     --HOLE-- [fill = 0]

.pinit     0    00000122    00000000     UNINITIALIZED

.reset     0    003fffc0    00000002     DSECT
                  003fffc0    00000002     rts2800_fpu32.lib : boot28.asm.obj (.reset)

.stack     1    00000400    00000200     UNINITIALIZED
                  00000400    00000200     --HOLE--

GETBUFFER 
*          0    0003f800    00000000     DSECT

GETWRITEIDX 
*          0    0003f800    00000000     DSECT

PUTREADIDX 
*          0    0003f800    00000000     DSECT

AdcaResultFile 
*          1    00000b00    00000018     UNINITIALIZED
                  00000b00    00000018     F2837xS_GlobalVariableDefs.obj (AdcaResultFile)

AdcbResultFile 
*          1    00000b20    00000018     UNINITIALIZED
                  00000b20    00000018     F2837xS_GlobalVariableDefs.obj (AdcbResultFile)

AdccResultFile 
*          1    00000b40    00000018     UNINITIALIZED
                  00000b40    00000018     F2837xS_GlobalVariableDefs.obj (AdccResultFile)

AdcdResultFile 
*          1    00000b60    00000018     UNINITIALIZED
                  00000b60    00000018     F2837xS_GlobalVariableDefs.obj (AdcdResultFile)

CpuTimer0RegsFile 
*          1    00000c00    00000008     UNINITIALIZED
                  00000c00    00000008     F2837xS_GlobalVariableDefs.obj (CpuTimer0RegsFile)

CpuTimer1RegsFile 
*          1    00000c08    00000008     UNINITIALIZED
                  00000c08    00000008     F2837xS_GlobalVariableDefs.obj (CpuTimer1RegsFile)

CpuTimer2RegsFile 
*          1    00000c10    00000008     UNINITIALIZED
                  00000c10    00000008     F2837xS_GlobalVariableDefs.obj (CpuTimer2RegsFile)

PieCtrlRegsFile 
*          1    00000ce0    0000001a     UNINITIALIZED
                  00000ce0    0000001a     F2837xS_GlobalVariableDefs.obj (PieCtrlRegsFile)

PieVectTableFile 
*          1    00000d00    000001c0     UNINITIALIZED
                  00000d00    000001c0     F2837xS_GlobalVariableDefs.obj (PieVectTableFile)

EmuKeyVar 
*          1    00000d00    00000001     UNINITIALIZED
                  00000d00    00000001     F2837xS_GlobalVariableDefs.obj (EmuKeyVar)

EmuBModeVar 
*          1    00000d01    00000001     UNINITIALIZED
                  00000d01    00000001     F2837xS_GlobalVariableDefs.obj (EmuBModeVar)

FlashCallbackVar 
*          1    00000d02    00000000     UNINITIALIZED

FlashScalingVar 
*          1    00000d02    00000000     UNINITIALIZED

DmaRegsFile 
*          1    00001000    000000e0     UNINITIALIZED
                  00001000    000000e0     F2837xS_GlobalVariableDefs.obj (DmaRegsFile)

Cla1RegsFile 
*          1    00001400    0000003e     UNINITIALIZED
                  00001400    0000003e     F2837xS_GlobalVariableDefs.obj (Cla1RegsFile)

EPwm1RegsFile 
*          1    00004000    00000100     UNINITIALIZED
                  00004000    00000100     F2837xS_GlobalVariableDefs.obj (EPwm1RegsFile)

EPwm2RegsFile 
*          1    00004100    00000100     UNINITIALIZED
                  00004100    00000100     F2837xS_GlobalVariableDefs.obj (EPwm2RegsFile)

EPwm3RegsFile 
*          1    00004200    00000100     UNINITIALIZED
                  00004200    00000100     F2837xS_GlobalVariableDefs.obj (EPwm3RegsFile)

EPwm4RegsFile 
*          1    00004300    00000100     UNINITIALIZED
                  00004300    00000100     F2837xS_GlobalVariableDefs.obj (EPwm4RegsFile)

EPwm5RegsFile 
*          1    00004400    00000100     UNINITIALIZED
                  00004400    00000100     F2837xS_GlobalVariableDefs.obj (EPwm5RegsFile)

EPwm6RegsFile 
*          1    00004500    00000100     UNINITIALIZED
                  00004500    00000100     F2837xS_GlobalVariableDefs.obj (EPwm6RegsFile)

EPwm7RegsFile 
*          1    00004600    00000100     UNINITIALIZED
                  00004600    00000100     F2837xS_GlobalVariableDefs.obj (EPwm7RegsFile)

EPwm8RegsFile 
*          1    00004700    00000100     UNINITIALIZED
                  00004700    00000100     F2837xS_GlobalVariableDefs.obj (EPwm8RegsFile)

EPwm9RegsFile 
*          1    00004800    00000100     UNINITIALIZED
                  00004800    00000100     F2837xS_GlobalVariableDefs.obj (EPwm9RegsFile)

EPwm10RegsFile 
*          1    00004900    00000100     UNINITIALIZED
                  00004900    00000100     F2837xS_GlobalVariableDefs.obj (EPwm10RegsFile)

EPwm11RegsFile 
*          1    00004a00    00000100     UNINITIALIZED
                  00004a00    00000100     F2837xS_GlobalVariableDefs.obj (EPwm11RegsFile)

EPwm12RegsFile 
*          1    00004b00    00000100     UNINITIALIZED
                  00004b00    00000100     F2837xS_GlobalVariableDefs.obj (EPwm12RegsFile)

ECap1RegsFile 
*          1    00005000    00000020     UNINITIALIZED
                  00005000    00000020     F2837xS_GlobalVariableDefs.obj (ECap1RegsFile)

ECap2RegsFile 
*          1    00005020    00000020     UNINITIALIZED
                  00005020    00000020     F2837xS_GlobalVariableDefs.obj (ECap2RegsFile)

ECap3RegsFile 
*          1    00005040    00000020     UNINITIALIZED
                  00005040    00000020     F2837xS_GlobalVariableDefs.obj (ECap3RegsFile)

ECap4RegsFile 
*          1    00005060    00000020     UNINITIALIZED
                  00005060    00000020     F2837xS_GlobalVariableDefs.obj (ECap4RegsFile)

ECap5RegsFile 
*          1    00005080    00000020     UNINITIALIZED
                  00005080    00000020     F2837xS_GlobalVariableDefs.obj (ECap5RegsFile)

ECap6RegsFile 
*          1    000050a0    00000020     UNINITIALIZED
                  000050a0    00000020     F2837xS_GlobalVariableDefs.obj (ECap6RegsFile)

EQep1RegsFile 
*          1    00005100    00000022     UNINITIALIZED
                  00005100    00000022     F2837xS_GlobalVariableDefs.obj (EQep1RegsFile)

EQep2RegsFile 
*          1    00005140    00000022     UNINITIALIZED
                  00005140    00000022     F2837xS_GlobalVariableDefs.obj (EQep2RegsFile)

EQep3RegsFile 
*          1    00005180    00000022     UNINITIALIZED
                  00005180    00000022     F2837xS_GlobalVariableDefs.obj (EQep3RegsFile)

DacaRegsFile 
*          1    00005c00    00000008     UNINITIALIZED
                  00005c00    00000008     F2837xS_GlobalVariableDefs.obj (DacaRegsFile)

DacbRegsFile 
*          1    00005c10    00000008     UNINITIALIZED
                  00005c10    00000008     F2837xS_GlobalVariableDefs.obj (DacbRegsFile)

DaccRegsFile 
*          1    00005c20    00000008     UNINITIALIZED
                  00005c20    00000008     F2837xS_GlobalVariableDefs.obj (DaccRegsFile)

Sdfm1RegsFile 
*          1    00005e00    00000080     UNINITIALIZED
                  00005e00    00000080     F2837xS_GlobalVariableDefs.obj (Sdfm1RegsFile)

Sdfm2RegsFile 
*          1    00005e80    00000080     UNINITIALIZED
                  00005e80    00000080     F2837xS_GlobalVariableDefs.obj (Sdfm2RegsFile)

McbspaRegsFile 
*          1    00006000    00000024     UNINITIALIZED
                  00006000    00000024     F2837xS_GlobalVariableDefs.obj (McbspaRegsFile)

McbspbRegsFile 
*          1    00006040    00000024     UNINITIALIZED
                  00006040    00000024     F2837xS_GlobalVariableDefs.obj (McbspbRegsFile)

SpiaRegsFile 
*          1    00006100    00000010     UNINITIALIZED
                  00006100    00000010     F2837xS_GlobalVariableDefs.obj (SpiaRegsFile)

SpibRegsFile 
*          1    00006110    00000010     UNINITIALIZED
                  00006110    00000010     F2837xS_GlobalVariableDefs.obj (SpibRegsFile)

SpicRegsFile 
*          1    00006120    00000010     UNINITIALIZED
                  00006120    00000010     F2837xS_GlobalVariableDefs.obj (SpicRegsFile)

UppRegsFile 
*          1    00006200    00000048     UNINITIALIZED
                  00006200    00000048     F2837xS_GlobalVariableDefs.obj (UppRegsFile)

WdRegsFile 
*          1    00007000    0000002b     UNINITIALIZED
                  00007000    0000002b     F2837xS_GlobalVariableDefs.obj (WdRegsFile)

NmiIntruptRegsFile 
*          1    00007060    00000007     UNINITIALIZED
                  00007060    00000007     F2837xS_GlobalVariableDefs.obj (NmiIntruptRegsFile)

XintRegsFile 
*          1    00007070    0000000b     UNINITIALIZED
                  00007070    0000000b     F2837xS_GlobalVariableDefs.obj (XintRegsFile)

SciaRegsFile 
*          1    00007200    00000010     UNINITIALIZED
                  00007200    00000010     F2837xS_GlobalVariableDefs.obj (SciaRegsFile)

ScibRegsFile 
*          1    00007210    00000010     UNINITIALIZED
                  00007210    00000010     F2837xS_GlobalVariableDefs.obj (ScibRegsFile)

ScicRegsFile 
*          1    00007220    00000010     UNINITIALIZED
                  00007220    00000010     F2837xS_GlobalVariableDefs.obj (ScicRegsFile)

ScidRegsFile 
*          1    00007230    00000010     UNINITIALIZED
                  00007230    00000010     F2837xS_GlobalVariableDefs.obj (ScidRegsFile)

I2caRegsFile 
*          1    00007300    00000022     UNINITIALIZED
                  00007300    00000022     F2837xS_GlobalVariableDefs.obj (I2caRegsFile)

I2cbRegsFile 
*          1    00007340    00000022     UNINITIALIZED
                  00007340    00000022     F2837xS_GlobalVariableDefs.obj (I2cbRegsFile)

AdcaRegsFile 
*          1    00007400    00000080     UNINITIALIZED
                  00007400    00000080     F2837xS_GlobalVariableDefs.obj (AdcaRegsFile)

AdcbRegsFile 
*          1    00007480    00000080     UNINITIALIZED
                  00007480    00000080     F2837xS_GlobalVariableDefs.obj (AdcbRegsFile)

AdccRegsFile 
*          1    00007500    00000080     UNINITIALIZED
                  00007500    00000080     F2837xS_GlobalVariableDefs.obj (AdccRegsFile)

AdcdRegsFile 
*          1    00007580    00000080     UNINITIALIZED
                  00007580    00000080     F2837xS_GlobalVariableDefs.obj (AdcdRegsFile)

AnalogSubsysRegsFile 
*          1    0005d180    00000048     UNINITIALIZED
                  0005d180    00000048     F2837xS_GlobalVariableDefs.obj (AnalogSubsysRegsFile)

Cla1SoftIntRegsFile 
*          1    00000ce0    00000004     DSECT
                  00000ce0    00000004     F2837xS_GlobalVariableDefs.obj (Cla1SoftIntRegsFile)

Cmpss1RegsFile 
*          1    00005c80    00000020     UNINITIALIZED
                  00005c80    00000020     F2837xS_GlobalVariableDefs.obj (Cmpss1RegsFile)

Cmpss2RegsFile 
*          1    00005ca0    00000020     UNINITIALIZED
                  00005ca0    00000020     F2837xS_GlobalVariableDefs.obj (Cmpss2RegsFile)

Cmpss3RegsFile 
*          1    00005cc0    00000020     UNINITIALIZED
                  00005cc0    00000020     F2837xS_GlobalVariableDefs.obj (Cmpss3RegsFile)

Cmpss4RegsFile 
*          1    00005ce0    00000020     UNINITIALIZED
                  00005ce0    00000020     F2837xS_GlobalVariableDefs.obj (Cmpss4RegsFile)

Cmpss5RegsFile 
*          1    00005d00    00000020     UNINITIALIZED
                  00005d00    00000020     F2837xS_GlobalVariableDefs.obj (Cmpss5RegsFile)

Cmpss6RegsFile 
*          1    00005d20    00000020     UNINITIALIZED
                  00005d20    00000020     F2837xS_GlobalVariableDefs.obj (Cmpss6RegsFile)

Cmpss7RegsFile 
*          1    00005d40    00000020     UNINITIALIZED
                  00005d40    00000020     F2837xS_GlobalVariableDefs.obj (Cmpss7RegsFile)

Cmpss8RegsFile 
*          1    00005d60    00000020     UNINITIALIZED
                  00005d60    00000020     F2837xS_GlobalVariableDefs.obj (Cmpss8RegsFile)

InputXbarRegsFile 
*          1    00007900    00000020     UNINITIALIZED
                  00007900    00000020     F2837xS_GlobalVariableDefs.obj (InputXbarRegsFile)

XbarRegsFile 
*          1    00007920    00000020     UNINITIALIZED
                  00007920    00000020     F2837xS_GlobalVariableDefs.obj (XbarRegsFile)

SyncSocRegsFile 
*          1    00007940    00000006     UNINITIALIZED
                  00007940    00000006     F2837xS_GlobalVariableDefs.obj (SyncSocRegsFile)

DmaClaSrcSelRegsFile 
*          1    00007980    0000001a     UNINITIALIZED
                  00007980    0000001a     F2837xS_GlobalVariableDefs.obj (DmaClaSrcSelRegsFile)

EPwmXbarRegsFile 
*          1    00007a00    00000040     UNINITIALIZED
                  00007a00    00000040     F2837xS_GlobalVariableDefs.obj (EPwmXbarRegsFile)

OutputXbarRegsFile 
*          1    00007a80    00000040     UNINITIALIZED
                  00007a80    00000040     F2837xS_GlobalVariableDefs.obj (OutputXbarRegsFile)

GpioCtrlRegsFile 
*          1    00007c00    00000180     UNINITIALIZED
                  00007c00    00000180     F2837xS_GlobalVariableDefs.obj (GpioCtrlRegsFile)

GpioDataRegsFile 
*          1    00007f00    00000030     UNINITIALIZED
                  00007f00    00000030     F2837xS_GlobalVariableDefs.obj (GpioDataRegsFile)

Emif1RegsFile 
*          1    00047000    00000070     UNINITIALIZED
                  00047000    00000070     F2837xS_GlobalVariableDefs.obj (Emif1RegsFile)

Emif2RegsFile 
*          1    00047800    00000070     UNINITIALIZED
                  00047800    00000070     F2837xS_GlobalVariableDefs.obj (Emif2RegsFile)

FlashPumpSemaphoreRegsFile 
*          1    00050024    00000002     UNINITIALIZED
                  00050024    00000002     F2837xS_GlobalVariableDefs.obj (FlashPumpSemaphoreRegsFile)

RomPrefetchRegsFile 
*          1    0005e608    00000002     UNINITIALIZED
                  0005e608    00000002     F2837xS_GlobalVariableDefs.obj (RomPrefetchRegsFile)

DcsmZ1RegsFile 
*          1    0005f000    00000024     UNINITIALIZED
                  0005f000    00000024     F2837xS_GlobalVariableDefs.obj (DcsmZ1RegsFile)

DcsmZ2RegsFile 
*          1    0005f040    00000024     UNINITIALIZED
                  0005f040    00000024     F2837xS_GlobalVariableDefs.obj (DcsmZ2RegsFile)

DcsmCommonRegsFile 
*          1    0005f070    00000008     UNINITIALIZED
                  0005f070    00000008     F2837xS_GlobalVariableDefs.obj (DcsmCommonRegsFile)

MemCfgRegsFile 
*          1    0005f400    00000080     UNINITIALIZED
                  0005f400    00000080     F2837xS_GlobalVariableDefs.obj (MemCfgRegsFile)

Emif1ConfigRegsFile 
*          1    0005f480    00000020     UNINITIALIZED
                  0005f480    00000020     F2837xS_GlobalVariableDefs.obj (Emif1ConfigRegsFile)

Emif2ConfigRegsFile 
*          1    0005f4a0    00000020     UNINITIALIZED
                  0005f4a0    00000020     F2837xS_GlobalVariableDefs.obj (Emif2ConfigRegsFile)

AccessProtectionRegsFile 
*          1    0005f4c0    00000040     UNINITIALIZED
                  0005f4c0    00000040     F2837xS_GlobalVariableDefs.obj (AccessProtectionRegsFile)

MemoryErrorRegsFile 
*          1    0005f500    00000040     UNINITIALIZED
                  0005f500    00000040     F2837xS_GlobalVariableDefs.obj (MemoryErrorRegsFile)

RomWaitStateRegsFile 
*          1    0005f540    00000002     UNINITIALIZED
                  0005f540    00000002     F2837xS_GlobalVariableDefs.obj (RomWaitStateRegsFile)

Flash0CtrlRegsFile 
*          1    0005f800    00000182     UNINITIALIZED
                  0005f800    00000182     F2837xS_GlobalVariableDefs.obj (Flash0CtrlRegsFile)

Flash0EccRegsFile 
*          1    0005fb00    00000028     UNINITIALIZED
                  0005fb00    00000028     F2837xS_GlobalVariableDefs.obj (Flash0EccRegsFile)

Flash1CtrlRegsFile 
*          1    0005fc00    00000182     UNINITIALIZED
                  0005fc00    00000182     F2837xS_GlobalVariableDefs.obj (Flash1CtrlRegsFile)

Flash1EccRegsFile 
*          1    0005ff00    00000028     UNINITIALIZED
                  0005ff00    00000028     F2837xS_GlobalVariableDefs.obj (Flash1EccRegsFile)

DcsmZ1OtpFile 
*          1    00078000    00000020     NOLOAD SECTION
                  00078000    00000020     F2837xS_GlobalVariableDefs.obj (DcsmZ1OtpFile)

DcsmZ2OtpFile 
*          1    00078200    00000020     NOLOAD SECTION
                  00078200    00000020     F2837xS_GlobalVariableDefs.obj (DcsmZ2OtpFile)

DevCfgRegsFile 
*          1    0005d000    0000012e     UNINITIALIZED
                  0005d000    0000012e     F2837xS_GlobalVariableDefs.obj (DevCfgRegsFile)

ClkCfgRegsFile 
*          1    0005d200    00000032     UNINITIALIZED
                  0005d200    00000032     F2837xS_GlobalVariableDefs.obj (ClkCfgRegsFile)

CpuSysRegsFile 
*          1    0005d300    00000082     UNINITIALIZED
                  0005d300    00000082     F2837xS_GlobalVariableDefs.obj (CpuSysRegsFile)

.text.1    0    0000c000    00001000     
                  0000c000    00000585     F2837xS_DefaultISR.obj (.text:retain)
                  0000c585    000002c1     F2837xS_SysCtrl.obj (.text)
                  0000c846    00000244     F2837xS_Gpio.obj (.text)
                  0000ca8a    00000168     SD_SPI_Initialization.obj (.text)
                  0000cbf2    000000f7     SD_SPI_Write.obj (.text)
                  0000cce9    000000d6     SD_SPI_Read.obj (.text)
                  0000cdbf    000000c1     SD_SPI_Registers.obj (.text)
                  0000ce80    000000b1     main.obj (.text)
                  0000cf31    000000af     SD_SPI_Transmission.obj (.text)
                  0000cfe0    0000001d     rts2800_fpu32.lib : memcpy.c.obj (.text)
                  0000cffd    00000002                       : pre_init.c.obj (.text)
                  0000cfff    00000001                       : startup.c.obj (.text)

.text.2    0    0000d000    0000020d     
                  0000d000    00000086     diskio.obj (.text)
                  0000d086    0000006c     disk_sd.obj (.text)
                  0000d0f2    00000056     rts2800_fpu32.lib : boot28.asm.obj (.text)
                  0000d148    00000029                       : exit.c.obj (.text)
                  0000d171    00000028     F2837xS_PieCtrl.obj (.text)
                  0000d199    00000026     F2837xS_PieVect.obj (.text)
                  0000d1bf    00000024     rts2800_fpu32.lib : cpy_tbl.c.obj (.text)
                  0000d1e3    00000019                       : args_main.c.obj (.text)
                  0000d1fc    00000009                       : _lock.c.obj (.text)
                  0000d205    00000008     F2837xS_CodeStartBranch.obj (.text)

.text.3    0    00011000    00001604     
                  00011000    00001604     ff.obj (.text)

.ebss.1    1    00008000    000006fb     UNINITIALIZED
                  00008000    0000069a     main.obj (.ebss)
                  0000869a    00000018     F2837xS_CpuTimers.obj (.ebss)
                  000086b2    00000006     rts2800_fpu32.lib : exit.c.obj (.ebss)
                  000086b8    00000004     ff.obj (.ebss)
                  000086bc    00000002     rts2800_fpu32.lib : _lock.c.obj (.ebss:__lock)
                  000086be    00000002                       : _lock.c.obj (.ebss:__unlock)
                  000086c0    0000003a     disk_sd.obj (.ebss)
                  000086fa    00000001     diskio.obj (.ebss)

.ebss.2    1    00008700    0000002b     UNINITIALIZED
                  00008700    0000002b     SD_SPI_Initialization.obj (.ebss)

.econst    1    0000a000    000001dc     
                  0000a000    000001c0     F2837xS_PieVect.obj (.econst:_PieVectTableInit)
                  0000a1c0    0000000f     ff.obj (.econst:.string)
                  0000a1cf    0000000d     main.obj (.econst:.string:_$P$T0$1)

MODULE SUMMARY

       Module                           code    initialized data   uninitialized data
       ------                           ----    ----------------   ------------------
    .\source\
       F2837xS_GlobalVariableDefs.obj   0       0                  8437              
       ff.obj                           5636    15                 4                 
       main.obj                         177     61                 1690              
       F2837xS_DefaultISR.obj           1413    0                  0                 
       F2837xS_SysCtrl.obj              705     0                  0                 
       F2837xS_Gpio.obj                 580     0                  0                 
       F2837xS_PieVect.obj              38      448                0                 
       SD_SPI_Initialization.obj        360     12                 43                
       SD_SPI_Write.obj                 247     0                  0                 
       SD_SPI_Read.obj                  214     0                  0                 
       SD_SPI_Registers.obj             193     0                  0                 
       SD_SPI_Transmission.obj          175     0                  0                 
       disk_sd.obj                      108     0                  58                
       diskio.obj                       134     4                  1                 
       F2837xS_PieCtrl.obj              40      0                  0                 
       F2837xS_CpuTimers.obj            0       0                  24                
       F2837xS_CodeStartBranch.obj      10      0                  0                 
       F2837xS_usDelay.obj              4       0                  0                 
    +--+--------------------------------+-------+------------------+--------------------+
       Total:                           10034   540                10257             
                                                                                     
    G:\ccsv8\tools\compiler\ti-cgt-c2000_18.1.4.LTS\lib\rts2800_fpu32.lib
       boot28.asm.obj                   86      0                  0                 
       exit.c.obj                       41      14                 6                 
       cpy_tbl.c.obj                    36      0                  0                 
       memcpy.c.obj                     29      0                  0                 
       args_main.c.obj                  25      0                  0                 
       _lock.c.obj                      9       10                 4                 
       pre_init.c.obj                   2       0                  0                 
       startup.c.obj                    1       0                  0                 
    +--+--------------------------------+-------+------------------+--------------------+
       Total:                           229     24                 10                
                                                                                     
       Stack:                           0       0                  512               
    +--+--------------------------------+-------+------------------+--------------------+
       Grand Total:                     10263   564                10779             


GLOBAL DATA SYMBOLS: SORTED BY DATA PAGE

address     data page           name
--------    ----------------    ----
00000400      10 (00000400)     __stack

00000b00      2c (00000b00)     _AdcaResultRegs
00000b20      2c (00000b00)     _AdcbResultRegs

00000b40      2d (00000b40)     _AdccResultRegs
00000b60      2d (00000b40)     _AdcdResultRegs

00000c00      30 (00000c00)     _CpuTimer0Regs
00000c08      30 (00000c00)     _CpuTimer1Regs
00000c10      30 (00000c00)     _CpuTimer2Regs

00000ce0      33 (00000cc0)     _Cla1SoftIntRegs
00000ce0      33 (00000cc0)     _PieCtrlRegs

00000d00      34 (00000d00)     _EmuKey
00000d00      34 (00000d00)     _PieVectTable
00000d01      34 (00000d00)     _EmuBMode

00001000      40 (00001000)     _DmaRegs

00001400      50 (00001400)     _Cla1Regs

00004000     100 (00004000)     _EPwm1Regs

00004100     104 (00004100)     _EPwm2Regs

00004200     108 (00004200)     _EPwm3Regs

00004300     10c (00004300)     _EPwm4Regs

00004400     110 (00004400)     _EPwm5Regs

00004500     114 (00004500)     _EPwm6Regs

00004600     118 (00004600)     _EPwm7Regs

00004700     11c (00004700)     _EPwm8Regs

00004800     120 (00004800)     _EPwm9Regs

00004900     124 (00004900)     _EPwm10Regs

00004a00     128 (00004a00)     _EPwm11Regs

00004b00     12c (00004b00)     _EPwm12Regs

00005000     140 (00005000)     _ECap1Regs
00005020     140 (00005000)     _ECap2Regs

00005040     141 (00005040)     _ECap3Regs
00005060     141 (00005040)     _ECap4Regs

00005080     142 (00005080)     _ECap5Regs
000050a0     142 (00005080)     _ECap6Regs

00005100     144 (00005100)     _EQep1Regs

00005140     145 (00005140)     _EQep2Regs

00005180     146 (00005180)     _EQep3Regs

00005c00     170 (00005c00)     _DacaRegs
00005c10     170 (00005c00)     _DacbRegs
00005c20     170 (00005c00)     _DaccRegs

00005c80     172 (00005c80)     _Cmpss1Regs
00005ca0     172 (00005c80)     _Cmpss2Regs

00005cc0     173 (00005cc0)     _Cmpss3Regs
00005ce0     173 (00005cc0)     _Cmpss4Regs

00005d00     174 (00005d00)     _Cmpss5Regs
00005d20     174 (00005d00)     _Cmpss6Regs

00005d40     175 (00005d40)     _Cmpss7Regs
00005d60     175 (00005d40)     _Cmpss8Regs

00005e00     178 (00005e00)     _Sdfm1Regs

00005e80     17a (00005e80)     _Sdfm2Regs

00006000     180 (00006000)     _McbspaRegs

00006040     181 (00006040)     _McbspbRegs

00006100     184 (00006100)     _SpiaRegs
00006110     184 (00006100)     _SpibRegs
00006120     184 (00006100)     _SpicRegs

00006200     188 (00006200)     _UppRegs

00007000     1c0 (00007000)     _WdRegs

00007060     1c1 (00007040)     _NmiIntruptRegs
00007070     1c1 (00007040)     _XintRegs

00007200     1c8 (00007200)     _SciaRegs
00007210     1c8 (00007200)     _ScibRegs
00007220     1c8 (00007200)     _ScicRegs
00007230     1c8 (00007200)     _ScidRegs

00007300     1cc (00007300)     _I2caRegs

00007340     1cd (00007340)     _I2cbRegs

00007400     1d0 (00007400)     _AdcaRegs

00007480     1d2 (00007480)     _AdcbRegs

00007500     1d4 (00007500)     _AdccRegs

00007580     1d6 (00007580)     _AdcdRegs

00007900     1e4 (00007900)     _InputXbarRegs
00007920     1e4 (00007900)     _XbarRegs

00007940     1e5 (00007940)     _SyncSocRegs

00007980     1e6 (00007980)     _DmaClaSrcSelRegs

00007a00     1e8 (00007a00)     _EPwmXbarRegs

00007a80     1ea (00007a80)     _OutputXbarRegs

00007c00     1f0 (00007c00)     _GpioCtrlRegs

00007f00     1fc (00007f00)     _GpioDataRegs

00008000     200 (00008000)     _res
00008001     200 (00008000)     _br
00008002     200 (00008000)     _textFileBuffer

00008040     201 (00008040)     _path

00008240     209 (00008240)     _fsrc

00008480     212 (00008480)     _fs

0000869a     21a (00008680)     _CpuTimer1
000086a2     21a (00008680)     _CpuTimer2
000086aa     21a (00008680)     _CpuTimer0
000086b2     21a (00008680)     ___TI_enable_exit_profile_output
000086b4     21a (00008680)     ___TI_cleanup_ptr
000086b6     21a (00008680)     ___TI_dtors_ptr
000086bc     21a (00008680)     __lock
000086be     21a (00008680)     __unlock

000086c0     21b (000086c0)     _SDCardInfo
000086fa     21b (000086c0)     _SD_Stat

00008700     21c (00008700)     _high_capacity
00008701     21c (00008700)     _data_manipulation
00008702     21c (00008700)     _crc_enabled
00008703     21c (00008700)     _response
00008704     21c (00008700)     _card_status
00008706     21c (00008700)     _ocr_contents
0000870b     21c (00008700)     _csd_contents
0000871b     21c (00008700)     _cid_contents

0000a000     280 (0000a000)     _PieVectTableInit

00047000    11c0 (00047000)     _Emif1Regs

00047800    11e0 (00047800)     _Emif2Regs

00050024    1400 (00050000)     _FlashPumpSemaphoreRegs

0005d000    1740 (0005d000)     _DevCfgRegs

0005d180    1746 (0005d180)     _AnalogSubsysRegs

0005d200    1748 (0005d200)     _ClkCfgRegs

0005d300    174c (0005d300)     _CpuSysRegs

0005e608    1798 (0005e600)     _RomPrefetchRegs

0005f000    17c0 (0005f000)     _DcsmZ1Regs

0005f040    17c1 (0005f040)     _DcsmZ2Regs
0005f070    17c1 (0005f040)     _DcsmCommonRegs

0005f400    17d0 (0005f400)     _MemCfgRegs

0005f480    17d2 (0005f480)     _Emif1ConfigRegs
0005f4a0    17d2 (0005f480)     _Emif2ConfigRegs

0005f4c0    17d3 (0005f4c0)     _AccessProtectionRegs

0005f500    17d4 (0005f500)     _MemoryErrorRegs

0005f540    17d5 (0005f540)     _RomWaitStateRegs

0005f800    17e0 (0005f800)     _Flash0CtrlRegs

0005fb00    17ec (0005fb00)     _Flash0EccRegs

0005fc00    17f0 (0005fc00)     _Flash1CtrlRegs

0005ff00    17fc (0005ff00)     _Flash1EccRegs

00078000    1e00 (00078000)     _DcsmZ1Otp

00078200    1e08 (00078200)     _DcsmZ2Otp


GLOBAL SYMBOLS: SORTED ALPHABETICALLY BY Name 

page  address   name                                  
----  -------   ----                                  
abs   ffffffff  .text                                 
0     0000d148  C$$EXIT                               
0     0000c0be  _ADCA1_ISR                            
0     0000c33e  _ADCA2_ISR                            
0     0000c348  _ADCA3_ISR                            
0     0000c352  _ADCA4_ISR                            
0     0000c334  _ADCA_EVT_ISR                         
0     0000c0c8  _ADCB1_ISR                            
0     0000c366  _ADCB2_ISR                            
0     0000c370  _ADCB3_ISR                            
0     0000c37a  _ADCB4_ISR                            
0     0000c35c  _ADCB_EVT_ISR                         
0     0000c0d2  _ADCC1_ISR                            
0     0000c4ce  _ADCC2_ISR                            
0     0000c4d8  _ADCC3_ISR                            
0     0000c4e2  _ADCC4_ISR                            
0     0000c4c4  _ADCC_EVT_ISR                         
0     0000c0f0  _ADCD1_ISR                            
0     0000c4f6  _ADCD2_ISR                            
0     0000c500  _ADCD3_ISR                            
0     0000c50a  _ADCD4_ISR                            
0     0000c4ec  _ADCD_EVT_ISR                         
0     0000c546  _AUX_PLL_SLIP_ISR                     
1     0005f4c0  _AccessProtectionRegs                 
1     00007400  _AdcaRegs                             
1     00000b00  _AdcaResultRegs                       
1     00007480  _AdcbRegs                             
1     00000b20  _AdcbResultRegs                       
1     00007500  _AdccRegs                             
1     00000b40  _AdccResultRegs                       
1     00007580  _AdcdRegs                             
1     00000b60  _AdcdResultRegs                       
1     0005d180  _AnalogSubsysRegs                     
0     0000c803  _AuxAuxClkSel                         
0     0000c7ed  _AuxIntOsc2Sel                        
0     0000c7f7  _AuxXtalOscSel                        
0     0000c30c  _CANA0_ISR                            
0     0000c316  _CANA1_ISR                            
0     0000c320  _CANB0_ISR                            
0     0000c32a  _CANB1_ISR                            
0     0000c384  _CLA1_1_ISR                           
0     0000c38e  _CLA1_2_ISR                           
0     0000c398  _CLA1_3_ISR                           
0     0000c3a2  _CLA1_4_ISR                           
0     0000c3ac  _CLA1_5_ISR                           
0     0000c3b6  _CLA1_6_ISR                           
0     0000c3c0  _CLA1_7_ISR                           
0     0000c3ca  _CLA1_8_ISR                           
0     0000c550  _CLA_OVERFLOW_ISR                     
0     0000c55a  _CLA_UNDERFLOW_ISR                    
1     00001400  _Cla1Regs                             
0     00000ce0  _Cla1SoftIntRegs                      
1     0005d200  _ClkCfgRegs                           
1     00005c80  _Cmpss1Regs                           
1     00005ca0  _Cmpss2Regs                           
1     00005cc0  _Cmpss3Regs                           
1     00005ce0  _Cmpss4Regs                           
1     00005d00  _Cmpss5Regs                           
1     00005d20  _Cmpss6Regs                           
1     00005d40  _Cmpss7Regs                           
1     00005d60  _Cmpss8Regs                           
1     0005d300  _CpuSysRegs                           
1     000086aa  _CpuTimer0                            
1     00000c00  _CpuTimer0Regs                        
1     0000869a  _CpuTimer1                            
1     00000c08  _CpuTimer1Regs                        
1     000086a2  _CpuTimer2                            
1     00000c10  _CpuTimer2Regs                        
0     0000c7ac  _CsmUnlock                            
0     0000c014  _DATALOG_ISR                          
0     0000c258  _DMA_CH1_ISR                          
0     0000c262  _DMA_CH2_ISR                          
0     0000c26c  _DMA_CH3_ISR                          
0     0000c276  _DMA_CH4_ISR                          
0     0000c280  _DMA_CH5_ISR                          
0     0000c28a  _DMA_CH6_ISR                          
1     00005c00  _DacaRegs                             
1     00005c10  _DacbRegs                             
1     00005c20  _DaccRegs                             
1     0005f070  _DcsmCommonRegs                       
1     00078000  _DcsmZ1Otp                            
1     0005f000  _DcsmZ1Regs                           
1     00078200  _DcsmZ2Otp                            
1     0005f040  _DcsmZ2Regs                           
1     0005d000  _DevCfgRegs                           
0     0000c688  _DisableDog                           
0     0000c63a  _DisablePeripheralClocks              
1     00007980  _DmaClaSrcSelRegs                     
1     00001000  _DmaRegs                              
0     0000c1ae  _ECAP1_ISR                            
0     0000c1b8  _ECAP2_ISR                            
0     0000c1c2  _ECAP3_ISR                            
0     0000c1cc  _ECAP4_ISR                            
0     0000c1d6  _ECAP5_ISR                            
0     0000c1e0  _ECAP6_ISR                            
1     00005000  _ECap1Regs                            
1     00005020  _ECap2Regs                            
1     00005040  _ECap3Regs                            
1     00005060  _ECap4Regs                            
1     00005080  _ECap5Regs                            
1     000050a0  _ECap6Regs                            
0     0000c514  _EMIF_ERROR_ISR                       
0     0000c56e  _EMPTY_ISR                            
0     0000c028  _EMU_ISR                              
0     0000c46a  _EPWM10_ISR                           
0     0000c442  _EPWM10_TZ_ISR                        
0     0000c474  _EPWM11_ISR                           
0     0000c44c  _EPWM11_TZ_ISR                        
0     0000c47e  _EPWM12_ISR                           
0     0000c456  _EPWM12_TZ_ISR                        
0     0000c15e  _EPWM1_ISR                            
0     0000c10e  _EPWM1_TZ_ISR                         
0     0000c168  _EPWM2_ISR                            
0     0000c118  _EPWM2_TZ_ISR                         
0     0000c172  _EPWM3_ISR                            
0     0000c122  _EPWM3_TZ_ISR                         
0     0000c17c  _EPWM4_ISR                            
0     0000c12c  _EPWM4_TZ_ISR                         
0     0000c186  _EPWM5_ISR                            
0     0000c136  _EPWM5_TZ_ISR                         
0     0000c190  _EPWM6_ISR                            
0     0000c140  _EPWM6_TZ_ISR                         
0     0000c19a  _EPWM7_ISR                            
0     0000c14a  _EPWM7_TZ_ISR                         
0     0000c1a4  _EPWM8_ISR                            
0     0000c154  _EPWM8_TZ_ISR                         
0     0000c460  _EPWM9_ISR                            
0     0000c438  _EPWM9_TZ_ISR                         
1     00004900  _EPwm10Regs                           
1     00004a00  _EPwm11Regs                           
1     00004b00  _EPwm12Regs                           
1     00004000  _EPwm1Regs                            
1     00004100  _EPwm2Regs                            
1     00004200  _EPwm3Regs                            
1     00004300  _EPwm4Regs                            
1     00004400  _EPwm5Regs                            
1     00004500  _EPwm6Regs                            
1     00004600  _EPwm7Regs                            
1     00004700  _EPwm8Regs                            
1     00004800  _EPwm9Regs                            
1     00007a00  _EPwmXbarRegs                         
0     0000c1ea  _EQEP1_ISR                            
0     0000c1f4  _EQEP2_ISR                            
0     0000c1fe  _EQEP3_ISR                            
1     00005100  _EQep1Regs                            
1     00005140  _EQep2Regs                            
1     00005180  _EQep3Regs                            
1     0005f480  _Emif1ConfigRegs                      
1     00047000  _Emif1Regs                            
1     0005f4a0  _Emif2ConfigRegs                      
1     00047800  _Emif2Regs                            
1     00000d01  _EmuBMode                             
1     00000d00  _EmuKey                               
0     0000d190  _EnableInterrupts                     
0     0000017c  _F28x_usDelay                         
0     0000c528  _FLASH_CORRECTABLE_ERROR_ISR          
0     0000c3fc  _FPU_OVERFLOW_ISR                     
0     0000c406  _FPU_UNDERFLOW_ISR                    
1     0005f800  _Flash0CtrlRegs                       
1     0005fb00  _Flash0EccRegs                        
1     0005fc00  _Flash1CtrlRegs                       
1     0005ff00  _Flash1EccRegs                        
1     00050024  _FlashPumpSemaphoreRegs               
0     0000ca3f  _GPIO_EnableUnbondedIOPullups         
0     0000ca1a  _GPIO_EnableUnbondedIOPullupsFor100Pin
0     0000ca01  _GPIO_EnableUnbondedIOPullupsFor176Pin
0     0000ca55  _GPIO_ReadPin                         
0     0000c9a6  _GPIO_SetupLock                       
0     0000c886  _GPIO_SetupPinMux                     
0     0000c912  _GPIO_SetupPinOptions                 
0     0000c9cf  _GPIO_SetupXINT1Gpio                  
0     0000c9d9  _GPIO_SetupXINT2Gpio                  
0     0000c9e3  _GPIO_SetupXINT3Gpio                  
0     0000c9ed  _GPIO_SetupXINT4Gpio                  
0     0000c9f7  _GPIO_SetupXINT5Gpio                  
0     0000ca6c  _GPIO_WritePin                        
1     00007c00  _GpioCtrlRegs                         
1     00007f00  _GpioDataRegs                         
0     0000c821  _HALT                                 
0     0000c832  _HIB                                  
0     0000c29e  _I2CA_FIFO_ISR                        
0     0000c294  _I2CA_ISR                             
0     0000c2b2  _I2CB_FIFO_ISR                        
0     0000c2a8  _I2CB_ISR                             
1     00007300  _I2caRegs                             
1     00007340  _I2cbRegs                             
0     0000c80d  _IDLE                                 
0     0000c03c  _ILLEGAL_ISR                          
0     0000c410  _IPC0_ISR                             
0     0000c41a  _IPC1_ISR                             
0     0000c424  _IPC2_ISR                             
0     0000c42e  _IPC3_ISR                             
0     0000c71a  _InitAuxPll                           
0     0000c846  _InitGpio                             
0     0000c5b6  _InitPeripheralClocks                 
0     0000d171  _InitPieCtrl                          
0     0000d199  _InitPieVectTable                     
0     0000cebb  _InitSpi                              
0     0000ceb8  _InitSpiGpio                          
0     0000ce80  _InitSpibGpio                         
0     0000c585  _InitSysCtrl                          
0     0000c696  _InitSysPll                           
1     00007900  _InputXbarRegs                        
0     0000c230  _MCBSPA_RX_ISR                        
0     0000c23a  _MCBSPA_TX_ISR                        
0     0000c244  _MCBSPB_RX_ISR                        
0     0000c24e  _MCBSPB_TX_ISR                        
1     00006000  _McbspaRegs                           
1     00006040  _McbspbRegs                           
1     0005f400  _MemCfgRegs                           
1     0005f500  _MemoryErrorRegs                      
0     0000c032  _NMI_ISR                              
0     0000c57b  _NOTUSED_ISR                          
1     00007060  _NmiIntruptRegs                       
1     00007a80  _OutputXbarRegs                       
0     0000c564  _PIE_RESERVED_ISR                     
1     00000ce0  _PieCtrlRegs                          
1     00000d00  _PieVectTable                         
1     0000a000  _PieVectTableInit                     
0     0000c532  _RAM_ACCESS_VIOLATION_ISR             
0     0000c51e  _RAM_CORRECTABLE_ERROR_ISR            
0     0000c01e  _RTOS_ISR                             
0     0000c670  _ReleaseFlashPump                     
1     0005e608  _RomPrefetchRegs                      
1     0005f540  _RomWaitStateRegs                     
0     0000c2e4  _SCIA_RX_ISR                          
0     0000c2ee  _SCIA_TX_ISR                          
0     0000c2f8  _SCIB_RX_ISR                          
0     0000c302  _SCIB_TX_ISR                          
0     0000c2bc  _SCIC_RX_ISR                          
0     0000c2c6  _SCIC_TX_ISR                          
0     0000c2d0  _SCID_RX_ISR                          
0     0000c2da  _SCID_TX_ISR                          
0     0000c488  _SD1_ISR                              
0     0000c492  _SD2_ISR                              
1     000086c0  _SDCardInfo                           
0     0000d086  _SD_Init                              
0     0000d09c  _SD_ReadBlock                         
0     0000d0b1  _SD_ReadMultiBlocks                   
1     000086fa  _SD_Stat                              
0     0000d0c7  _SD_WriteBlock                        
0     0000d0dc  _SD_WriteMultiBlocks                  
0     0000c208  _SPIA_RX_ISR                          
0     0000c212  _SPIA_TX_ISR                          
0     0000c21c  _SPIB_RX_ISR                          
0     0000c226  _SPIB_TX_ISR                          
0     0000c49c  _SPIC_RX_ISR                          
0     0000c4a6  _SPIC_TX_ISR                          
0     0000c816  _STANDBY                              
0     0000c53c  _SYS_PLL_SLIP_ISR                     
1     00007200  _SciaRegs                             
1     00007210  _ScibRegs                             
1     00007220  _ScicRegs                             
1     00007230  _ScidRegs                             
1     00005e00  _Sdfm1Regs                            
1     00005e80  _Sdfm2Regs                            
0     0000c652  _SeizeFlashPump_Bank0                 
0     0000c661  _SeizeFlashPump_Bank1                 
0     0000c67a  _ServiceDog                           
1     00006100  _SpiaRegs                             
1     00006110  _SpibRegs                             
1     00006120  _SpicRegs                             
1     00007940  _SyncSocRegs                          
0     0000c7cd  _SysIntOsc1Sel                        
0     0000c7d7  _SysIntOsc2Sel                        
0     0000c7e1  _SysXtalOscSel                        
0     0000c0fa  _TIMER0_ISR                           
0     0000c000  _TIMER1_ISR                           
0     0000c00a  _TIMER2_ISR                           
0     0000c4b0  _UPPA_ISR                             
0     0000c4ba  _USBA_ISR                             
0     0000c0a0  _USER10_ISR                           
0     0000c0aa  _USER11_ISR                           
0     0000c0b4  _USER12_ISR                           
0     0000c046  _USER1_ISR                            
0     0000c050  _USER2_ISR                            
0     0000c05a  _USER3_ISR                            
0     0000c064  _USER4_ISR                            
0     0000c06e  _USER5_ISR                            
0     0000c078  _USER6_ISR                            
0     0000c082  _USER7_ISR                            
0     0000c08c  _USER8_ISR                            
0     0000c096  _USER9_ISR                            
1     00006200  _UppRegs                              
0     0000c3f2  _VCU_ISR                              
0     0000c104  _WAKE_ISR                             
1     00007000  _WdRegs                               
0     0000c0dc  _XINT1_ISR                            
0     0000c0e6  _XINT2_ISR                            
0     0000c3d4  _XINT3_ISR                            
0     0000c3de  _XINT4_ISR                            
0     0000c3e8  _XINT5_ISR                            
1     00007920  _XbarRegs                             
1     00007070  _XintRegs                             
1     00000600  __STACK_END                           
abs   00000200  __STACK_SIZE                          
1     000086b4  ___TI_cleanup_ptr                     
1     000086b6  ___TI_dtors_ptr                       
1     000086b2  ___TI_enable_exit_profile_output      
abs   ffffffff  ___TI_pprof_out_hndl                  
abs   ffffffff  ___TI_prof_data_size                  
abs   ffffffff  ___TI_prof_data_start                 
abs   ffffffff  ___binit__                            
abs   ffffffff  ___c_args__                           
0     00000122  ___cinit__                            
abs   ffffffff  ___etext__                            
abs   ffffffff  ___pinit__                            
abs   ffffffff  ___text__                             
0     0000d1e3  __args_main                           
1     000086bc  __lock                                
0     0000d204  __nop                                 
0     0000d200  __register_lock                       
0     0000d1fc  __register_unlock                     
1     00000400  __stack                               
0     0000cfff  __system_post_cinit                   
0     0000cffd  __system_pre_init                     
1     000086be  __unlock                              
0     0000d148  _abort                                
1     00008001  _br                                   
0     0000d0f2  _c_int00                              
1     00008704  _card_status                          
1     0000871b  _cid_contents                         
0     00011185  _clust2sect                           
0     0000d1bf  _copy_in                              
1     00008702  _crc_enabled                          
1     0000870b  _csd_contents                         
1     00008701  _data_manipulation                    
0     0000d000  _disk_initialize                      
0     0000d05c  _disk_ioctl                           
0     0000d029  _disk_read                            
0     0000d01c  _disk_status                          
0     0000d044  _disk_write                           
0     0000d14a  _exit                                 
0     000124a3  _f_chmod                              
0     00011fbd  _f_close                              
0     000121c0  _f_getfree                            
0     00011fca  _f_lseek                              
0     00012376  _f_mkdir                              
0     00011b4c  _f_mount                              
0     00011b6f  _f_open                               
0     000120f6  _f_opendir                            
0     00011cb2  _f_read                               
0     0001215a  _f_readdir                            
0     0001252c  _f_rename                             
0     00012196  _f_stat                               
0     00011f0d  _f_sync                               
0     00012278  _f_truncate                           
0     000122eb  _f_unlink                             
0     000124e2  _f_utime                              
0     00011dc9  _f_write                              
1     00008480  _fs                                   
1     00008240  _fsrc                                 
0     0001119f  _get_fat                              
0     0000d083  _get_fattime                          
1     00008700  _high_capacity                        
0     0000cee7  _main                                 
0     0000cfe0  _memcpy                               
1     00008706  _ocr_contents                         
1     00008040  _path                                 
0     0001123a  _put_fat                              
1     00008000  _res                                  
1     00008703  _response                             
0     0000ca97  _sd_card_insertion                    
0     0000ce05  _sd_cid_csd_response                  
0     0000cfb1  _sd_command_response                  
0     0000cf83  _sd_crc7                              
0     0000cd66  _sd_data_response                     
0     0000cfd6  _sd_error                             
0     0000caaa  _sd_initialization                    
0     0000cdee  _sd_ocr_response                      
0     0000cce9  _sd_read_block                        
0     0000cd19  _sd_read_multiple_block               
0     0000cdbf  _sd_read_register                     
0     0000ce49  _sd_send_status                       
0     0000cb08  _sd_version1_initialization           
0     0000cb72  _sd_version2_initialization           
0     0000cbf2  _sd_write_block                       
0     0000cc77  _sd_write_data                        
0     0000cc29  _sd_write_multiple_block              
0     0000ced6  _spi_fifo_init                        
0     0000ca8a  _spi_initialization                   
0     0000cee0  _spi_xmit                             
0     0000cf31  _spi_xmit_byte                        
0     0000cf3f  _spi_xmit_command                     
1     00008002  _textFileBuffer                       
abs   ffffffff  binit                                 
0     00000122  cinit                                 
0     00000000  code_start                            
abs   ffffffff  etext                                 
abs   ffffffff  pinit                                 


GLOBAL SYMBOLS: SORTED BY Symbol Address 

page  address   name                                  
----  -------   ----                                  
0     00000000  code_start                            
0     00000122  ___cinit__                            
0     00000122  cinit                                 
0     0000017c  _F28x_usDelay                         
0     00000ce0  _Cla1SoftIntRegs                      
0     0000c000  _TIMER1_ISR                           
0     0000c00a  _TIMER2_ISR                           
0     0000c014  _DATALOG_ISR                          
0     0000c01e  _RTOS_ISR                             
0     0000c028  _EMU_ISR                              
0     0000c032  _NMI_ISR                              
0     0000c03c  _ILLEGAL_ISR                          
0     0000c046  _USER1_ISR                            
0     0000c050  _USER2_ISR                            
0     0000c05a  _USER3_ISR                            
0     0000c064  _USER4_ISR                            
0     0000c06e  _USER5_ISR                            
0     0000c078  _USER6_ISR                            
0     0000c082  _USER7_ISR                            
0     0000c08c  _USER8_ISR                            
0     0000c096  _USER9_ISR                            
0     0000c0a0  _USER10_ISR                           
0     0000c0aa  _USER11_ISR                           
0     0000c0b4  _USER12_ISR                           
0     0000c0be  _ADCA1_ISR                            
0     0000c0c8  _ADCB1_ISR                            
0     0000c0d2  _ADCC1_ISR                            
0     0000c0dc  _XINT1_ISR                            
0     0000c0e6  _XINT2_ISR                            
0     0000c0f0  _ADCD1_ISR                            
0     0000c0fa  _TIMER0_ISR                           
0     0000c104  _WAKE_ISR                             
0     0000c10e  _EPWM1_TZ_ISR                         
0     0000c118  _EPWM2_TZ_ISR                         
0     0000c122  _EPWM3_TZ_ISR                         
0     0000c12c  _EPWM4_TZ_ISR                         
0     0000c136  _EPWM5_TZ_ISR                         
0     0000c140  _EPWM6_TZ_ISR                         
0     0000c14a  _EPWM7_TZ_ISR                         
0     0000c154  _EPWM8_TZ_ISR                         
0     0000c15e  _EPWM1_ISR                            
0     0000c168  _EPWM2_ISR                            
0     0000c172  _EPWM3_ISR                            
0     0000c17c  _EPWM4_ISR                            
0     0000c186  _EPWM5_ISR                            
0     0000c190  _EPWM6_ISR                            
0     0000c19a  _EPWM7_ISR                            
0     0000c1a4  _EPWM8_ISR                            
0     0000c1ae  _ECAP1_ISR                            
0     0000c1b8  _ECAP2_ISR                            
0     0000c1c2  _ECAP3_ISR                            
0     0000c1cc  _ECAP4_ISR                            
0     0000c1d6  _ECAP5_ISR                            
0     0000c1e0  _ECAP6_ISR                            
0     0000c1ea  _EQEP1_ISR                            
0     0000c1f4  _EQEP2_ISR                            
0     0000c1fe  _EQEP3_ISR                            
0     0000c208  _SPIA_RX_ISR                          
0     0000c212  _SPIA_TX_ISR                          
0     0000c21c  _SPIB_RX_ISR                          
0     0000c226  _SPIB_TX_ISR                          
0     0000c230  _MCBSPA_RX_ISR                        
0     0000c23a  _MCBSPA_TX_ISR                        
0     0000c244  _MCBSPB_RX_ISR                        
0     0000c24e  _MCBSPB_TX_ISR                        
0     0000c258  _DMA_CH1_ISR                          
0     0000c262  _DMA_CH2_ISR                          
0     0000c26c  _DMA_CH3_ISR                          
0     0000c276  _DMA_CH4_ISR                          
0     0000c280  _DMA_CH5_ISR                          
0     0000c28a  _DMA_CH6_ISR                          
0     0000c294  _I2CA_ISR                             
0     0000c29e  _I2CA_FIFO_ISR                        
0     0000c2a8  _I2CB_ISR                             
0     0000c2b2  _I2CB_FIFO_ISR                        
0     0000c2bc  _SCIC_RX_ISR                          
0     0000c2c6  _SCIC_TX_ISR                          
0     0000c2d0  _SCID_RX_ISR                          
0     0000c2da  _SCID_TX_ISR                          
0     0000c2e4  _SCIA_RX_ISR                          
0     0000c2ee  _SCIA_TX_ISR                          
0     0000c2f8  _SCIB_RX_ISR                          
0     0000c302  _SCIB_TX_ISR                          
0     0000c30c  _CANA0_ISR                            
0     0000c316  _CANA1_ISR                            
0     0000c320  _CANB0_ISR                            
0     0000c32a  _CANB1_ISR                            
0     0000c334  _ADCA_EVT_ISR                         
0     0000c33e  _ADCA2_ISR                            
0     0000c348  _ADCA3_ISR                            
0     0000c352  _ADCA4_ISR                            
0     0000c35c  _ADCB_EVT_ISR                         
0     0000c366  _ADCB2_ISR                            
0     0000c370  _ADCB3_ISR                            
0     0000c37a  _ADCB4_ISR                            
0     0000c384  _CLA1_1_ISR                           
0     0000c38e  _CLA1_2_ISR                           
0     0000c398  _CLA1_3_ISR                           
0     0000c3a2  _CLA1_4_ISR                           
0     0000c3ac  _CLA1_5_ISR                           
0     0000c3b6  _CLA1_6_ISR                           
0     0000c3c0  _CLA1_7_ISR                           
0     0000c3ca  _CLA1_8_ISR                           
0     0000c3d4  _XINT3_ISR                            
0     0000c3de  _XINT4_ISR                            
0     0000c3e8  _XINT5_ISR                            
0     0000c3f2  _VCU_ISR                              
0     0000c3fc  _FPU_OVERFLOW_ISR                     
0     0000c406  _FPU_UNDERFLOW_ISR                    
0     0000c410  _IPC0_ISR                             
0     0000c41a  _IPC1_ISR                             
0     0000c424  _IPC2_ISR                             
0     0000c42e  _IPC3_ISR                             
0     0000c438  _EPWM9_TZ_ISR                         
0     0000c442  _EPWM10_TZ_ISR                        
0     0000c44c  _EPWM11_TZ_ISR                        
0     0000c456  _EPWM12_TZ_ISR                        
0     0000c460  _EPWM9_ISR                            
0     0000c46a  _EPWM10_ISR                           
0     0000c474  _EPWM11_ISR                           
0     0000c47e  _EPWM12_ISR                           
0     0000c488  _SD1_ISR                              
0     0000c492  _SD2_ISR                              
0     0000c49c  _SPIC_RX_ISR                          
0     0000c4a6  _SPIC_TX_ISR                          
0     0000c4b0  _UPPA_ISR                             
0     0000c4ba  _USBA_ISR                             
0     0000c4c4  _ADCC_EVT_ISR                         
0     0000c4ce  _ADCC2_ISR                            
0     0000c4d8  _ADCC3_ISR                            
0     0000c4e2  _ADCC4_ISR                            
0     0000c4ec  _ADCD_EVT_ISR                         
0     0000c4f6  _ADCD2_ISR                            
0     0000c500  _ADCD3_ISR                            
0     0000c50a  _ADCD4_ISR                            
0     0000c514  _EMIF_ERROR_ISR                       
0     0000c51e  _RAM_CORRECTABLE_ERROR_ISR            
0     0000c528  _FLASH_CORRECTABLE_ERROR_ISR          
0     0000c532  _RAM_ACCESS_VIOLATION_ISR             
0     0000c53c  _SYS_PLL_SLIP_ISR                     
0     0000c546  _AUX_PLL_SLIP_ISR                     
0     0000c550  _CLA_OVERFLOW_ISR                     
0     0000c55a  _CLA_UNDERFLOW_ISR                    
0     0000c564  _PIE_RESERVED_ISR                     
0     0000c56e  _EMPTY_ISR                            
0     0000c57b  _NOTUSED_ISR                          
0     0000c585  _InitSysCtrl                          
0     0000c5b6  _InitPeripheralClocks                 
0     0000c63a  _DisablePeripheralClocks              
0     0000c652  _SeizeFlashPump_Bank0                 
0     0000c661  _SeizeFlashPump_Bank1                 
0     0000c670  _ReleaseFlashPump                     
0     0000c67a  _ServiceDog                           
0     0000c688  _DisableDog                           
0     0000c696  _InitSysPll                           
0     0000c71a  _InitAuxPll                           
0     0000c7ac  _CsmUnlock                            
0     0000c7cd  _SysIntOsc1Sel                        
0     0000c7d7  _SysIntOsc2Sel                        
0     0000c7e1  _SysXtalOscSel                        
0     0000c7ed  _AuxIntOsc2Sel                        
0     0000c7f7  _AuxXtalOscSel                        
0     0000c803  _AuxAuxClkSel                         
0     0000c80d  _IDLE                                 
0     0000c816  _STANDBY                              
0     0000c821  _HALT                                 
0     0000c832  _HIB                                  
0     0000c846  _InitGpio                             
0     0000c886  _GPIO_SetupPinMux                     
0     0000c912  _GPIO_SetupPinOptions                 
0     0000c9a6  _GPIO_SetupLock                       
0     0000c9cf  _GPIO_SetupXINT1Gpio                  
0     0000c9d9  _GPIO_SetupXINT2Gpio                  
0     0000c9e3  _GPIO_SetupXINT3Gpio                  
0     0000c9ed  _GPIO_SetupXINT4Gpio                  
0     0000c9f7  _GPIO_SetupXINT5Gpio                  
0     0000ca01  _GPIO_EnableUnbondedIOPullupsFor176Pin
0     0000ca1a  _GPIO_EnableUnbondedIOPullupsFor100Pin
0     0000ca3f  _GPIO_EnableUnbondedIOPullups         
0     0000ca55  _GPIO_ReadPin                         
0     0000ca6c  _GPIO_WritePin                        
0     0000ca8a  _spi_initialization                   
0     0000ca97  _sd_card_insertion                    
0     0000caaa  _sd_initialization                    
0     0000cb08  _sd_version1_initialization           
0     0000cb72  _sd_version2_initialization           
0     0000cbf2  _sd_write_block                       
0     0000cc29  _sd_write_multiple_block              
0     0000cc77  _sd_write_data                        
0     0000cce9  _sd_read_block                        
0     0000cd19  _sd_read_multiple_block               
0     0000cd66  _sd_data_response                     
0     0000cdbf  _sd_read_register                     
0     0000cdee  _sd_ocr_response                      
0     0000ce05  _sd_cid_csd_response                  
0     0000ce49  _sd_send_status                       
0     0000ce80  _InitSpibGpio                         
0     0000ceb8  _InitSpiGpio                          
0     0000cebb  _InitSpi                              
0     0000ced6  _spi_fifo_init                        
0     0000cee0  _spi_xmit                             
0     0000cee7  _main                                 
0     0000cf31  _spi_xmit_byte                        
0     0000cf3f  _spi_xmit_command                     
0     0000cf83  _sd_crc7                              
0     0000cfb1  _sd_command_response                  
0     0000cfd6  _sd_error                             
0     0000cfe0  _memcpy                               
0     0000cffd  __system_pre_init                     
0     0000cfff  __system_post_cinit                   
0     0000d000  _disk_initialize                      
0     0000d01c  _disk_status                          
0     0000d029  _disk_read                            
0     0000d044  _disk_write                           
0     0000d05c  _disk_ioctl                           
0     0000d083  _get_fattime                          
0     0000d086  _SD_Init                              
0     0000d09c  _SD_ReadBlock                         
0     0000d0b1  _SD_ReadMultiBlocks                   
0     0000d0c7  _SD_WriteBlock                        
0     0000d0dc  _SD_WriteMultiBlocks                  
0     0000d0f2  _c_int00                              
0     0000d148  C$$EXIT                               
0     0000d148  _abort                                
0     0000d14a  _exit                                 
0     0000d171  _InitPieCtrl                          
0     0000d190  _EnableInterrupts                     
0     0000d199  _InitPieVectTable                     
0     0000d1bf  _copy_in                              
0     0000d1e3  __args_main                           
0     0000d1fc  __register_unlock                     
0     0000d200  __register_lock                       
0     0000d204  __nop                                 
0     00011185  _clust2sect                           
0     0001119f  _get_fat                              
0     0001123a  _put_fat                              
0     00011b4c  _f_mount                              
0     00011b6f  _f_open                               
0     00011cb2  _f_read                               
0     00011dc9  _f_write                              
0     00011f0d  _f_sync                               
0     00011fbd  _f_close                              
0     00011fca  _f_lseek                              
0     000120f6  _f_opendir                            
0     0001215a  _f_readdir                            
0     00012196  _f_stat                               
0     000121c0  _f_getfree                            
0     00012278  _f_truncate                           
0     000122eb  _f_unlink                             
0     00012376  _f_mkdir                              
0     000124a3  _f_chmod                              
0     000124e2  _f_utime                              
0     0001252c  _f_rename                             
1     00000400  __stack                               
1     00000600  __STACK_END                           
1     00000b00  _AdcaResultRegs                       
1     00000b20  _AdcbResultRegs                       
1     00000b40  _AdccResultRegs                       
1     00000b60  _AdcdResultRegs                       
1     00000c00  _CpuTimer0Regs                        
1     00000c08  _CpuTimer1Regs                        
1     00000c10  _CpuTimer2Regs                        
1     00000ce0  _PieCtrlRegs                          
1     00000d00  _EmuKey                               
1     00000d00  _PieVectTable                         
1     00000d01  _EmuBMode                             
1     00001000  _DmaRegs                              
1     00001400  _Cla1Regs                             
1     00004000  _EPwm1Regs                            
1     00004100  _EPwm2Regs                            
1     00004200  _EPwm3Regs                            
1     00004300  _EPwm4Regs                            
1     00004400  _EPwm5Regs                            
1     00004500  _EPwm6Regs                            
1     00004600  _EPwm7Regs                            
1     00004700  _EPwm8Regs                            
1     00004800  _EPwm9Regs                            
1     00004900  _EPwm10Regs                           
1     00004a00  _EPwm11Regs                           
1     00004b00  _EPwm12Regs                           
1     00005000  _ECap1Regs                            
1     00005020  _ECap2Regs                            
1     00005040  _ECap3Regs                            
1     00005060  _ECap4Regs                            
1     00005080  _ECap5Regs                            
1     000050a0  _ECap6Regs                            
1     00005100  _EQep1Regs                            
1     00005140  _EQep2Regs                            
1     00005180  _EQep3Regs                            
1     00005c00  _DacaRegs                             
1     00005c10  _DacbRegs                             
1     00005c20  _DaccRegs                             
1     00005c80  _Cmpss1Regs                           
1     00005ca0  _Cmpss2Regs                           
1     00005cc0  _Cmpss3Regs                           
1     00005ce0  _Cmpss4Regs                           
1     00005d00  _Cmpss5Regs                           
1     00005d20  _Cmpss6Regs                           
1     00005d40  _Cmpss7Regs                           
1     00005d60  _Cmpss8Regs                           
1     00005e00  _Sdfm1Regs                            
1     00005e80  _Sdfm2Regs                            
1     00006000  _McbspaRegs                           
1     00006040  _McbspbRegs                           
1     00006100  _SpiaRegs                             
1     00006110  _SpibRegs                             
1     00006120  _SpicRegs                             
1     00006200  _UppRegs                              
1     00007000  _WdRegs                               
1     00007060  _NmiIntruptRegs                       
1     00007070  _XintRegs                             
1     00007200  _SciaRegs                             
1     00007210  _ScibRegs                             
1     00007220  _ScicRegs                             
1     00007230  _ScidRegs                             
1     00007300  _I2caRegs                             
1     00007340  _I2cbRegs                             
1     00007400  _AdcaRegs                             
1     00007480  _AdcbRegs                             
1     00007500  _AdccRegs                             
1     00007580  _AdcdRegs                             
1     00007900  _InputXbarRegs                        
1     00007920  _XbarRegs                             
1     00007940  _SyncSocRegs                          
1     00007980  _DmaClaSrcSelRegs                     
1     00007a00  _EPwmXbarRegs                         
1     00007a80  _OutputXbarRegs                       
1     00007c00  _GpioCtrlRegs                         
1     00007f00  _GpioDataRegs                         
1     00008000  _res                                  
1     00008001  _br                                   
1     00008002  _textFileBuffer                       
1     00008040  _path                                 
1     00008240  _fsrc                                 
1     00008480  _fs                                   
1     0000869a  _CpuTimer1                            
1     000086a2  _CpuTimer2                            
1     000086aa  _CpuTimer0                            
1     000086b2  ___TI_enable_exit_profile_output      
1     000086b4  ___TI_cleanup_ptr                     
1     000086b6  ___TI_dtors_ptr                       
1     000086bc  __lock                                
1     000086be  __unlock                              
1     000086c0  _SDCardInfo                           
1     000086fa  _SD_Stat                              
1     00008700  _high_capacity                        
1     00008701  _data_manipulation                    
1     00008702  _crc_enabled                          
1     00008703  _response                             
1     00008704  _card_status                          
1     00008706  _ocr_contents                         
1     0000870b  _csd_contents                         
1     0000871b  _cid_contents                         
1     0000a000  _PieVectTableInit                     
1     00047000  _Emif1Regs                            
1     00047800  _Emif2Regs                            
1     00050024  _FlashPumpSemaphoreRegs               
1     0005d000  _DevCfgRegs                           
1     0005d180  _AnalogSubsysRegs                     
1     0005d200  _ClkCfgRegs                           
1     0005d300  _CpuSysRegs                           
1     0005e608  _RomPrefetchRegs                      
1     0005f000  _DcsmZ1Regs                           
1     0005f040  _DcsmZ2Regs                           
1     0005f070  _DcsmCommonRegs                       
1     0005f400  _MemCfgRegs                           
1     0005f480  _Emif1ConfigRegs                      
1     0005f4a0  _Emif2ConfigRegs                      
1     0005f4c0  _AccessProtectionRegs                 
1     0005f500  _MemoryErrorRegs                      
1     0005f540  _RomWaitStateRegs                     
1     0005f800  _Flash0CtrlRegs                       
1     0005fb00  _Flash0EccRegs                        
1     0005fc00  _Flash1CtrlRegs                       
1     0005ff00  _Flash1EccRegs                        
1     00078000  _DcsmZ1Otp                            
1     00078200  _DcsmZ2Otp                            
abs   00000200  __STACK_SIZE                          
abs   ffffffff  .text                                 
abs   ffffffff  ___TI_pprof_out_hndl                  
abs   ffffffff  ___TI_prof_data_size                  
abs   ffffffff  ___TI_prof_data_start                 
abs   ffffffff  ___binit__                            
abs   ffffffff  ___c_args__                           
abs   ffffffff  ___etext__                            
abs   ffffffff  ___pinit__                            
abs   ffffffff  ___text__                             
abs   ffffffff  binit                                 
abs   ffffffff  etext                                 
abs   ffffffff  pinit                                 

[390 symbols]
