******************************************************************************
             TMS320C2000 Linker PC v18.12.3                    
******************************************************************************
>> Linked Fri Nov  6 14:13:05 2020

OUTPUT FILE NAME:   <lab28_USB_dev_mouse.out>
ENTRY POINT SYMBOL: "_c_int00"  address: 0000cfa8


MEMORY CONFIGURATION

         name            origin    length      used     unused   attr    fill
----------------------  --------  ---------  --------  --------  ----  --------
PAGE 0:
  BEGIN                 00000000   00000002  00000002  00000000  RWIX
  RAMM0                 00000122   000002de  000000db  00000203  RWIX
  RAMD0                 0000b000   00000800  00000000  00000800  RWIX
  RAMGS0                0000c000   00001000  00001000  00000000  RWIX
  RAMGS1                0000d000   00001000  00000ffe  00000002  RWIX
  RAMGS2                0000e000   00001000  00000ffc  00000004  RWIX
  RAMGS3                0000f000   00001000  00001000  00000000  RWIX
  RAMGS4                00010000   00001000  00000430  00000bd0  RWIX
  RAMGS5                00011000   00002000  00001603  000009fd  RWIX
  RESET                 003fffc0   00000002  00000000  00000002  RWIX

PAGE 1:
  BOOT_RSVD             00000002   00000120  00000000  00000120  RWIX
  RAMM1                 00000400   00000400  00000200  00000200  RWIX
  ADCA_RESULT           00000b00   00000020  00000018  00000008  RWIX
  ADCB_RESULT           00000b20   00000020  00000018  00000008  RWIX
  ADCC_RESULT           00000b40   00000020  00000018  00000008  RWIX
  ADCD_RESULT           00000b60   00000020  00000018  00000008  RWIX
  CPU_TIMER0            00000c00   00000008  00000008  00000000  RWIX
  CPU_TIMER1            00000c08   00000008  00000008  00000000  RWIX
  CPU_TIMER2            00000c10   00000008  00000008  00000000  RWIX
  PIE_CTRL              00000ce0   00000020  0000001a  00000006  RWIX
  PIE_VECT              00000d00   00000200  000001c0  00000040  RWIX
  DMA                   00001000   00000200  000000e0  00000120  RWIX
  CLA1                  00001400   00000040  0000003e  00000002  RWIX
  EPWM1                 00004000   00000100  00000100  00000000  RWIX
  EPWM2                 00004100   00000100  00000100  00000000  RWIX
  EPWM3                 00004200   00000100  00000100  00000000  RWIX
  EPWM4                 00004300   00000100  00000100  00000000  RWIX
  EPWM5                 00004400   00000100  00000100  00000000  RWIX
  EPWM6                 00004500   00000100  00000100  00000000  RWIX
  EPWM7                 00004600   00000100  00000100  00000000  RWIX
  EPWM8                 00004700   00000100  00000100  00000000  RWIX
  EPWM9                 00004800   00000100  00000100  00000000  RWIX
  EPWM10                00004900   00000100  00000100  00000000  RWIX
  EPWM11                00004a00   00000100  00000100  00000000  RWIX
  EPWM12                00004b00   00000100  00000100  00000000  RWIX
  ECAP1                 00005000   00000020  00000020  00000000  RWIX
  ECAP2                 00005020   00000020  00000020  00000000  RWIX
  ECAP3                 00005040   00000020  00000020  00000000  RWIX
  ECAP4                 00005060   00000020  00000020  00000000  RWIX
  ECAP5                 00005080   00000020  00000020  00000000  RWIX
  ECAP6                 000050a0   00000020  00000020  00000000  RWIX
  EQEP1                 00005100   00000040  00000022  0000001e  RWIX
  EQEP2                 00005140   00000040  00000022  0000001e  RWIX
  EQEP3                 00005180   00000040  00000022  0000001e  RWIX
  DACA                  00005c00   00000010  00000008  00000008  RWIX
  DACB                  00005c10   00000010  00000008  00000008  RWIX
  DACC                  00005c20   00000010  00000008  00000008  RWIX
  CMPSS1                00005c80   00000020  00000020  00000000  RWIX
  CMPSS2                00005ca0   00000020  00000020  00000000  RWIX
  CMPSS3                00005cc0   00000020  00000020  00000000  RWIX
  CMPSS4                00005ce0   00000020  00000020  00000000  RWIX
  CMPSS5                00005d00   00000020  00000020  00000000  RWIX
  CMPSS6                00005d20   00000020  00000020  00000000  RWIX
  CMPSS7                00005d40   00000020  00000020  00000000  RWIX
  CMPSS8                00005d60   00000020  00000020  00000000  RWIX
  SDFM1                 00005e00   00000080  00000080  00000000  RWIX
  SDFM2                 00005e80   00000080  00000080  00000000  RWIX
  MCBSPA                00006000   00000040  00000024  0000001c  RWIX
  MCBSPB                00006040   00000040  00000024  0000001c  RWIX
  SPIA                  00006100   00000010  00000010  00000000  RWIX
  SPIB                  00006110   00000010  00000010  00000000  RWIX
  SPIC                  00006120   00000010  00000010  00000000  RWIX
  SPID                  00006130   00000010  00000000  00000010  RWIX
  UPP                   00006200   00000100  00000048  000000b8  RWIX
  WD                    00007000   00000040  0000002b  00000015  RWIX
  NMIINTRUPT            00007060   00000010  00000007  00000009  RWIX
  XINT                  00007070   00000010  0000000b  00000005  RWIX
  SCIA                  00007200   00000010  00000010  00000000  RWIX
  SCIB                  00007210   00000010  00000010  00000000  RWIX
  SCIC                  00007220   00000010  00000010  00000000  RWIX
  SCID                  00007230   00000010  00000010  00000000  RWIX
  I2CA                  00007300   00000040  00000022  0000001e  RWIX
  I2CB                  00007340   00000040  00000022  0000001e  RWIX
  ADCA                  00007400   00000080  00000080  00000000  RWIX
  ADCB                  00007480   00000080  00000080  00000000  RWIX
  ADCC                  00007500   00000080  00000080  00000000  RWIX
  ADCD                  00007580   00000080  00000080  00000000  RWIX
  INPUT_XBAR            00007900   00000020  00000020  00000000  RWIX
  XBAR                  00007920   00000020  00000020  00000000  RWIX
  SYNC_SOC              00007940   00000010  00000006  0000000a  RWIX
  DMACLASRCSEL          00007980   00000040  0000001a  00000026  RWIX
  EPWM_XBAR             00007a00   00000040  00000040  00000000  RWIX
  CLB_XBAR              00007a40   00000040  00000000  00000040  RWIX
  OUTPUT_XBAR           00007a80   00000040  00000040  00000000  RWIX
  GPIOCTRL              00007c00   00000180  00000180  00000000  RWIX
  GPIODAT               00007f00   00000030  00000030  00000000  RWIX
  RAMLS01               00008000   00001000  000005a6  00000a5a  RWIX
  RAMLS2                00009000   00000800  00000000  00000800  RWIX
  RAMLS3                00009800   00000800  00000000  00000800  RWIX
  RAMLS4                0000a000   00000800  0000043c  000003c4  RWIX
  RAMLS5                0000a800   00000800  00000000  00000800  RWIX
  RAMD1                 0000b800   00000800  00000000  00000800  RWIX
  RAMGS7                00013000   00001000  00000000  00001000  RWIX
  RAMGS8                00014000   00001000  00000000  00001000  RWIX
  RAMGS9                00015000   00001000  00000000  00001000  RWIX
  RAMGS10               00016000   00001000  00000000  00001000  RWIX
  RAMGS11               00017000   00001000  00000000  00001000  RWIX
  RAMGS12               00018000   00001000  00000000  00001000  RWIX
  RAMGS13               00019000   00001000  00000000  00001000  RWIX
  RAMGS14               0001a000   00001000  00000000  00001000  RWIX
  RAMGS15               0001b000   00001000  00000000  00001000  RWIX
  CPU2TOCPU1RAM         0003f800   00000400  00000000  00000400  RWIX
  CPU1TOCPU2RAM         0003fc00   00000400  00000000  00000400  RWIX
  EMIF1                 00047000   00000800  00000070  00000790  RWIX
  EMIF2                 00047800   00000800  00000070  00000790  RWIX
  CANA_MSG_RAM          00049000   00000800  00000000  00000800  RWIX
  CANB_MSG_RAM          0004b000   00000800  00000000  00000800  RWIX
  FLASHPUMPSEMAPHORE    00050024   00000002  00000002  00000000  RWIX
  DEV_CFG               0005d000   00000180  0000012e  00000052  RWIX
  ANALOG_SUBSYS         0005d180   00000080  00000048  00000038  RWIX
  CLK_CFG               0005d200   00000100  00000032  000000ce  RWIX
  CPU_SYS               0005d300   00000100  00000082  0000007e  RWIX
  ROMPREFETCH           0005e608   00000002  00000002  00000000  RWIX
  DCSM_Z1               0005f000   00000030  00000024  0000000c  RWIX
  DCSM_Z2               0005f040   00000030  00000024  0000000c  RWIX
  DCSM_COMMON           0005f070   00000010  00000008  00000008  RWIX
  MEMCFG                0005f400   00000080  00000080  00000000  RWIX
  EMIF1CONFIG           0005f480   00000020  00000020  00000000  RWIX
  EMIF2CONFIG           0005f4a0   00000020  00000020  00000000  RWIX
  ACCESSPROTECTION      0005f4c0   00000040  00000040  00000000  RWIX
  MEMORYERROR           0005f500   00000040  00000040  00000000  RWIX
  ROMWAITSTATE          0005f540   00000002  00000002  00000000  RWIX
  FLASH0_CTRL           0005f800   00000300  00000182  0000017e  RWIX
  FLASH0_ECC            0005fb00   00000040  00000028  00000018  RWIX
  FLASH1_CTRL           0005fc00   00000300  00000182  0000017e  RWIX
  FLASH1_ECC            0005ff00   00000040  00000028  00000018  RWIX
  DCSM_Z1_OTP           00078000   00000020  00000020  00000000  RWIX
  DCSM_Z2_OTP           00078200   00000020  00000020  00000000  RWIX


SECTION ALLOCATION MAP

 output                                  attributes/
section   page    origin      length       input sections
--------  ----  ----------  ----------   ----------------
codestart 
*          0    00000000    00000002     
                  00000000    00000002     F2837xD_CodeStartBranch.obj (codestart)

ramfuncs   0    000001f5    00000008     
                  000001f5    00000004     F2837xD_usDelay.obj (ramfuncs)
                  000001f9    00000004     sysctl.obj (ramfuncs)

.cinit     0    00000122    000000d3     
                  00000122    00000046     usblib.lib : usbhostenum.obj (.cinit)
                  00000168    00000031                : usbdhidmouse.obj (.cinit)
                  00000199    00000015                : usbdhid.obj (.cinit)
                  000001ae    0000000e     rts2800_fpu32.lib : exit.c.obj (.cinit)
                  000001bc    0000000e     usblib.lib : usbtick.obj (.cinit)
                  000001ca    0000000d                : usbmode.obj (.cinit)
                  000001d7    00000009     uartstdio.obj (.cinit)
                  000001e0    00000005     rts2800_fpu32.lib : _lock.c.obj (.cinit:__lock)
                  000001e5    00000005                       : _lock.c.obj (.cinit:__unlock)
                  000001ea    00000005     usblib.lib : usbdenum.obj (.cinit)
                  000001ef    00000004     USB_dev_mouse_cpu01.obj (.cinit)
                  000001f3    00000002     --HOLE-- [fill = 0]

.pinit     0    00000122    00000000     UNINITIALIZED

.reset     0    003fffc0    00000002     DSECT
                  003fffc0    00000002     rts2800_fpu32.lib : boot28.asm.obj (.reset)

.stack     1    00000400    00000200     UNINITIALIZED
                  00000400    00000200     --HOLE--

GETBUFFER 
*          0    0003f800    00000000     DSECT

GETWRITEIDX 
*          0    0003f800    00000000     DSECT

PUTREADIDX 
*          0    0003f800    00000000     DSECT

AdcaResultFile 
*          1    00000b00    00000018     UNINITIALIZED
                  00000b00    00000018     F2837xD_GlobalVariableDefs.obj (AdcaResultFile)

AdcbResultFile 
*          1    00000b20    00000018     UNINITIALIZED
                  00000b20    00000018     F2837xD_GlobalVariableDefs.obj (AdcbResultFile)

AdccResultFile 
*          1    00000b40    00000018     UNINITIALIZED
                  00000b40    00000018     F2837xD_GlobalVariableDefs.obj (AdccResultFile)

AdcdResultFile 
*          1    00000b60    00000018     UNINITIALIZED
                  00000b60    00000018     F2837xD_GlobalVariableDefs.obj (AdcdResultFile)

CpuTimer0RegsFile 
*          1    00000c00    00000008     UNINITIALIZED
                  00000c00    00000008     F2837xD_GlobalVariableDefs.obj (CpuTimer0RegsFile)

CpuTimer1RegsFile 
*          1    00000c08    00000008     UNINITIALIZED
                  00000c08    00000008     F2837xD_GlobalVariableDefs.obj (CpuTimer1RegsFile)

CpuTimer2RegsFile 
*          1    00000c10    00000008     UNINITIALIZED
                  00000c10    00000008     F2837xD_GlobalVariableDefs.obj (CpuTimer2RegsFile)

PieCtrlRegsFile 
*          1    00000ce0    0000001a     UNINITIALIZED
                  00000ce0    0000001a     F2837xD_GlobalVariableDefs.obj (PieCtrlRegsFile)

PieVectTableFile 
*          1    00000d00    000001c0     UNINITIALIZED
                  00000d00    000001c0     F2837xD_GlobalVariableDefs.obj (PieVectTableFile)

EmuKeyVar 
*          1    00000d00    00000001     UNINITIALIZED
                  00000d00    00000001     F2837xD_GlobalVariableDefs.obj (EmuKeyVar)

EmuBModeVar 
*          1    00000d01    00000001     UNINITIALIZED
                  00000d01    00000001     F2837xD_GlobalVariableDefs.obj (EmuBModeVar)

FlashCallbackVar 
*          1    00000d02    00000000     UNINITIALIZED

FlashScalingVar 
*          1    00000d02    00000000     UNINITIALIZED

DmaRegsFile 
*          1    00001000    000000e0     UNINITIALIZED
                  00001000    000000e0     F2837xD_GlobalVariableDefs.obj (DmaRegsFile)

Cla1RegsFile 
*          1    00001400    0000003e     UNINITIALIZED
                  00001400    0000003e     F2837xD_GlobalVariableDefs.obj (Cla1RegsFile)

EPwm1RegsFile 
*          1    00004000    00000100     UNINITIALIZED
                  00004000    00000100     F2837xD_GlobalVariableDefs.obj (EPwm1RegsFile)

EPwm2RegsFile 
*          1    00004100    00000100     UNINITIALIZED
                  00004100    00000100     F2837xD_GlobalVariableDefs.obj (EPwm2RegsFile)

EPwm3RegsFile 
*          1    00004200    00000100     UNINITIALIZED
                  00004200    00000100     F2837xD_GlobalVariableDefs.obj (EPwm3RegsFile)

EPwm4RegsFile 
*          1    00004300    00000100     UNINITIALIZED
                  00004300    00000100     F2837xD_GlobalVariableDefs.obj (EPwm4RegsFile)

EPwm5RegsFile 
*          1    00004400    00000100     UNINITIALIZED
                  00004400    00000100     F2837xD_GlobalVariableDefs.obj (EPwm5RegsFile)

EPwm6RegsFile 
*          1    00004500    00000100     UNINITIALIZED
                  00004500    00000100     F2837xD_GlobalVariableDefs.obj (EPwm6RegsFile)

EPwm7RegsFile 
*          1    00004600    00000100     UNINITIALIZED
                  00004600    00000100     F2837xD_GlobalVariableDefs.obj (EPwm7RegsFile)

EPwm8RegsFile 
*          1    00004700    00000100     UNINITIALIZED
                  00004700    00000100     F2837xD_GlobalVariableDefs.obj (EPwm8RegsFile)

EPwm9RegsFile 
*          1    00004800    00000100     UNINITIALIZED
                  00004800    00000100     F2837xD_GlobalVariableDefs.obj (EPwm9RegsFile)

EPwm10RegsFile 
*          1    00004900    00000100     UNINITIALIZED
                  00004900    00000100     F2837xD_GlobalVariableDefs.obj (EPwm10RegsFile)

EPwm11RegsFile 
*          1    00004a00    00000100     UNINITIALIZED
                  00004a00    00000100     F2837xD_GlobalVariableDefs.obj (EPwm11RegsFile)

EPwm12RegsFile 
*          1    00004b00    00000100     UNINITIALIZED
                  00004b00    00000100     F2837xD_GlobalVariableDefs.obj (EPwm12RegsFile)

ECap1RegsFile 
*          1    00005000    00000020     UNINITIALIZED
                  00005000    00000020     F2837xD_GlobalVariableDefs.obj (ECap1RegsFile)

ECap2RegsFile 
*          1    00005020    00000020     UNINITIALIZED
                  00005020    00000020     F2837xD_GlobalVariableDefs.obj (ECap2RegsFile)

ECap3RegsFile 
*          1    00005040    00000020     UNINITIALIZED
                  00005040    00000020     F2837xD_GlobalVariableDefs.obj (ECap3RegsFile)

ECap4RegsFile 
*          1    00005060    00000020     UNINITIALIZED
                  00005060    00000020     F2837xD_GlobalVariableDefs.obj (ECap4RegsFile)

ECap5RegsFile 
*          1    00005080    00000020     UNINITIALIZED
                  00005080    00000020     F2837xD_GlobalVariableDefs.obj (ECap5RegsFile)

ECap6RegsFile 
*          1    000050a0    00000020     UNINITIALIZED
                  000050a0    00000020     F2837xD_GlobalVariableDefs.obj (ECap6RegsFile)

EQep1RegsFile 
*          1    00005100    00000022     UNINITIALIZED
                  00005100    00000022     F2837xD_GlobalVariableDefs.obj (EQep1RegsFile)

EQep2RegsFile 
*          1    00005140    00000022     UNINITIALIZED
                  00005140    00000022     F2837xD_GlobalVariableDefs.obj (EQep2RegsFile)

EQep3RegsFile 
*          1    00005180    00000022     UNINITIALIZED
                  00005180    00000022     F2837xD_GlobalVariableDefs.obj (EQep3RegsFile)

DacaRegsFile 
*          1    00005c00    00000008     UNINITIALIZED
                  00005c00    00000008     F2837xD_GlobalVariableDefs.obj (DacaRegsFile)

DacbRegsFile 
*          1    00005c10    00000008     UNINITIALIZED
                  00005c10    00000008     F2837xD_GlobalVariableDefs.obj (DacbRegsFile)

DaccRegsFile 
*          1    00005c20    00000008     UNINITIALIZED
                  00005c20    00000008     F2837xD_GlobalVariableDefs.obj (DaccRegsFile)

Sdfm1RegsFile 
*          1    00005e00    00000080     UNINITIALIZED
                  00005e00    00000080     F2837xD_GlobalVariableDefs.obj (Sdfm1RegsFile)

Sdfm2RegsFile 
*          1    00005e80    00000080     UNINITIALIZED
                  00005e80    00000080     F2837xD_GlobalVariableDefs.obj (Sdfm2RegsFile)

McbspaRegsFile 
*          1    00006000    00000024     UNINITIALIZED
                  00006000    00000024     F2837xD_GlobalVariableDefs.obj (McbspaRegsFile)

McbspbRegsFile 
*          1    00006040    00000024     UNINITIALIZED
                  00006040    00000024     F2837xD_GlobalVariableDefs.obj (McbspbRegsFile)

SpiaRegsFile 
*          1    00006100    00000010     UNINITIALIZED
                  00006100    00000010     F2837xD_GlobalVariableDefs.obj (SpiaRegsFile)

SpibRegsFile 
*          1    00006110    00000010     UNINITIALIZED
                  00006110    00000010     F2837xD_GlobalVariableDefs.obj (SpibRegsFile)

SpicRegsFile 
*          1    00006120    00000010     UNINITIALIZED
                  00006120    00000010     F2837xD_GlobalVariableDefs.obj (SpicRegsFile)

UppRegsFile 
*          1    00006200    00000048     UNINITIALIZED
                  00006200    00000048     F2837xD_GlobalVariableDefs.obj (UppRegsFile)

WdRegsFile 
*          1    00007000    0000002b     UNINITIALIZED
                  00007000    0000002b     F2837xD_GlobalVariableDefs.obj (WdRegsFile)

NmiIntruptRegsFile 
*          1    00007060    00000007     UNINITIALIZED
                  00007060    00000007     F2837xD_GlobalVariableDefs.obj (NmiIntruptRegsFile)

XintRegsFile 
*          1    00007070    0000000b     UNINITIALIZED
                  00007070    0000000b     F2837xD_GlobalVariableDefs.obj (XintRegsFile)

SciaRegsFile 
*          1    00007200    00000010     UNINITIALIZED
                  00007200    00000010     F2837xD_GlobalVariableDefs.obj (SciaRegsFile)

ScibRegsFile 
*          1    00007210    00000010     UNINITIALIZED
                  00007210    00000010     F2837xD_GlobalVariableDefs.obj (ScibRegsFile)

ScicRegsFile 
*          1    00007220    00000010     UNINITIALIZED
                  00007220    00000010     F2837xD_GlobalVariableDefs.obj (ScicRegsFile)

ScidRegsFile 
*          1    00007230    00000010     UNINITIALIZED
                  00007230    00000010     F2837xD_GlobalVariableDefs.obj (ScidRegsFile)

I2caRegsFile 
*          1    00007300    00000022     UNINITIALIZED
                  00007300    00000022     F2837xD_GlobalVariableDefs.obj (I2caRegsFile)

I2cbRegsFile 
*          1    00007340    00000022     UNINITIALIZED
                  00007340    00000022     F2837xD_GlobalVariableDefs.obj (I2cbRegsFile)

AdcaRegsFile 
*          1    00007400    00000080     UNINITIALIZED
                  00007400    00000080     F2837xD_GlobalVariableDefs.obj (AdcaRegsFile)

AdcbRegsFile 
*          1    00007480    00000080     UNINITIALIZED
                  00007480    00000080     F2837xD_GlobalVariableDefs.obj (AdcbRegsFile)

AdccRegsFile 
*          1    00007500    00000080     UNINITIALIZED
                  00007500    00000080     F2837xD_GlobalVariableDefs.obj (AdccRegsFile)

AdcdRegsFile 
*          1    00007580    00000080     UNINITIALIZED
                  00007580    00000080     F2837xD_GlobalVariableDefs.obj (AdcdRegsFile)

AnalogSubsysRegsFile 
*          1    0005d180    00000048     UNINITIALIZED
                  0005d180    00000048     F2837xD_GlobalVariableDefs.obj (AnalogSubsysRegsFile)

Cla1SoftIntRegsFile 
*          1    00000ce0    00000004     DSECT
                  00000ce0    00000004     F2837xD_GlobalVariableDefs.obj (Cla1SoftIntRegsFile)

Cmpss1RegsFile 
*          1    00005c80    00000020     UNINITIALIZED
                  00005c80    00000020     F2837xD_GlobalVariableDefs.obj (Cmpss1RegsFile)

Cmpss2RegsFile 
*          1    00005ca0    00000020     UNINITIALIZED
                  00005ca0    00000020     F2837xD_GlobalVariableDefs.obj (Cmpss2RegsFile)

Cmpss3RegsFile 
*          1    00005cc0    00000020     UNINITIALIZED
                  00005cc0    00000020     F2837xD_GlobalVariableDefs.obj (Cmpss3RegsFile)

Cmpss4RegsFile 
*          1    00005ce0    00000020     UNINITIALIZED
                  00005ce0    00000020     F2837xD_GlobalVariableDefs.obj (Cmpss4RegsFile)

Cmpss5RegsFile 
*          1    00005d00    00000020     UNINITIALIZED
                  00005d00    00000020     F2837xD_GlobalVariableDefs.obj (Cmpss5RegsFile)

Cmpss6RegsFile 
*          1    00005d20    00000020     UNINITIALIZED
                  00005d20    00000020     F2837xD_GlobalVariableDefs.obj (Cmpss6RegsFile)

Cmpss7RegsFile 
*          1    00005d40    00000020     UNINITIALIZED
                  00005d40    00000020     F2837xD_GlobalVariableDefs.obj (Cmpss7RegsFile)

Cmpss8RegsFile 
*          1    00005d60    00000020     UNINITIALIZED
                  00005d60    00000020     F2837xD_GlobalVariableDefs.obj (Cmpss8RegsFile)

InputXbarRegsFile 
*          1    00007900    00000020     UNINITIALIZED
                  00007900    00000020     F2837xD_GlobalVariableDefs.obj (InputXbarRegsFile)

XbarRegsFile 
*          1    00007920    00000020     UNINITIALIZED
                  00007920    00000020     F2837xD_GlobalVariableDefs.obj (XbarRegsFile)

SyncSocRegsFile 
*          1    00007940    00000006     UNINITIALIZED
                  00007940    00000006     F2837xD_GlobalVariableDefs.obj (SyncSocRegsFile)

DmaClaSrcSelRegsFile 
*          1    00007980    0000001a     UNINITIALIZED
                  00007980    0000001a     F2837xD_GlobalVariableDefs.obj (DmaClaSrcSelRegsFile)

EPwmXbarRegsFile 
*          1    00007a00    00000040     UNINITIALIZED
                  00007a00    00000040     F2837xD_GlobalVariableDefs.obj (EPwmXbarRegsFile)

OutputXbarRegsFile 
*          1    00007a80    00000040     UNINITIALIZED
                  00007a80    00000040     F2837xD_GlobalVariableDefs.obj (OutputXbarRegsFile)

GpioCtrlRegsFile 
*          1    00007c00    00000180     UNINITIALIZED
                  00007c00    00000180     F2837xD_GlobalVariableDefs.obj (GpioCtrlRegsFile)

GpioDataRegsFile 
*          1    00007f00    00000030     UNINITIALIZED
                  00007f00    00000030     F2837xD_GlobalVariableDefs.obj (GpioDataRegsFile)

Emif1RegsFile 
*          1    00047000    00000070     UNINITIALIZED
                  00047000    00000070     F2837xD_GlobalVariableDefs.obj (Emif1RegsFile)

Emif2RegsFile 
*          1    00047800    00000070     UNINITIALIZED
                  00047800    00000070     F2837xD_GlobalVariableDefs.obj (Emif2RegsFile)

FlashPumpSemaphoreRegsFile 
*          1    00050024    00000002     UNINITIALIZED
                  00050024    00000002     F2837xD_GlobalVariableDefs.obj (FlashPumpSemaphoreRegsFile)

RomPrefetchRegsFile 
*          1    0005e608    00000002     UNINITIALIZED
                  0005e608    00000002     F2837xD_GlobalVariableDefs.obj (RomPrefetchRegsFile)

DcsmZ1RegsFile 
*          1    0005f000    00000024     UNINITIALIZED
                  0005f000    00000024     F2837xD_GlobalVariableDefs.obj (DcsmZ1RegsFile)

DcsmZ2RegsFile 
*          1    0005f040    00000024     UNINITIALIZED
                  0005f040    00000024     F2837xD_GlobalVariableDefs.obj (DcsmZ2RegsFile)

DcsmCommonRegsFile 
*          1    0005f070    00000008     UNINITIALIZED
                  0005f070    00000008     F2837xD_GlobalVariableDefs.obj (DcsmCommonRegsFile)

MemCfgRegsFile 
*          1    0005f400    00000080     UNINITIALIZED
                  0005f400    00000080     F2837xD_GlobalVariableDefs.obj (MemCfgRegsFile)

Emif1ConfigRegsFile 
*          1    0005f480    00000020     UNINITIALIZED
                  0005f480    00000020     F2837xD_GlobalVariableDefs.obj (Emif1ConfigRegsFile)

Emif2ConfigRegsFile 
*          1    0005f4a0    00000020     UNINITIALIZED
                  0005f4a0    00000020     F2837xD_GlobalVariableDefs.obj (Emif2ConfigRegsFile)

AccessProtectionRegsFile 
*          1    0005f4c0    00000040     UNINITIALIZED
                  0005f4c0    00000040     F2837xD_GlobalVariableDefs.obj (AccessProtectionRegsFile)

MemoryErrorRegsFile 
*          1    0005f500    00000040     UNINITIALIZED
                  0005f500    00000040     F2837xD_GlobalVariableDefs.obj (MemoryErrorRegsFile)

RomWaitStateRegsFile 
*          1    0005f540    00000002     UNINITIALIZED
                  0005f540    00000002     F2837xD_GlobalVariableDefs.obj (RomWaitStateRegsFile)

Flash0CtrlRegsFile 
*          1    0005f800    00000182     UNINITIALIZED
                  0005f800    00000182     F2837xD_GlobalVariableDefs.obj (Flash0CtrlRegsFile)

Flash0EccRegsFile 
*          1    0005fb00    00000028     UNINITIALIZED
                  0005fb00    00000028     F2837xD_GlobalVariableDefs.obj (Flash0EccRegsFile)

Flash1CtrlRegsFile 
*          1    0005fc00    00000182     UNINITIALIZED
                  0005fc00    00000182     F2837xD_GlobalVariableDefs.obj (Flash1CtrlRegsFile)

Flash1EccRegsFile 
*          1    0005ff00    00000028     UNINITIALIZED
                  0005ff00    00000028     F2837xD_GlobalVariableDefs.obj (Flash1EccRegsFile)

DcsmZ1OtpFile 
*          1    00078000    00000020     NOLOAD SECTION
                  00078000    00000020     F2837xD_GlobalVariableDefs.obj (DcsmZ1OtpFile)

DcsmZ2OtpFile 
*          1    00078200    00000020     NOLOAD SECTION
                  00078200    00000020     F2837xD_GlobalVariableDefs.obj (DcsmZ2OtpFile)

DevCfgRegsFile 
*          1    0005d000    0000012e     UNINITIALIZED
                  0005d000    0000012e     F2837xD_GlobalVariableDefs.obj (DevCfgRegsFile)

ClkCfgRegsFile 
*          1    0005d200    00000032     UNINITIALIZED
                  0005d200    00000032     F2837xD_GlobalVariableDefs.obj (ClkCfgRegsFile)

CpuSysRegsFile 
*          1    0005d300    00000082     UNINITIALIZED
                  0005d300    00000082     F2837xD_GlobalVariableDefs.obj (CpuSysRegsFile)

.text.1    0    0000c000    00001000     
                  0000c000    00000e51     usb.obj (.text)
                  0000ce51    00000157     usblib.lib : usbdcdesc.obj (.text)
                  0000cfa8    00000056     rts2800_fpu32.lib : boot28.asm.obj (.text)
                  0000cffe    00000002                       : pre_init.c.obj (.text)

.text.2    0    0000d000    00000ffe     
                  0000d000    0000085d     usblib.lib : usbdenum.obj (.text)
                  0000d85d    0000078e                : usbdhid.obj (.text)
                  0000dfeb    00000012                : usbdhandler.obj (.text)
                  0000dffd    00000001     rts2800_fpu32.lib : startup.c.obj (.text)

.text.3    0    0000e000    00000ffc     
                  0000e000    00000585     F2837xD_DefaultISR.obj (.text:retain)
                  0000e585    0000049e     uart.obj (.text)
                  0000ea23    00000406     usblib.lib : usbhhub.obj (.text)
                  0000ee29    000001ca     interrupt.obj (.text)
                  0000eff3    00000009     rts2800_fpu32.lib : _lock.c.obj (.text)

.text.4    0    0000f000    00001000     
                  0000f000    0000039b     sysctl.obj (.text)
                  0000f39b    000002b1     uartstdio.obj (.text)
                  0000f64c    0000025c     usblib.lib : usbmode.obj (.text)
                  0000f8a8    00000210                : usbdconfig.obj (.text)
                  0000fab8    000001c9                : usbdhidmouse.obj (.text)
                  0000fc81    00000120     USB_dev_mouse_cpu01.obj (.text)
                  0000fda1    000000d8     usblib.lib : usbdma.obj (.text)
                  0000fe79    000000d2                : usbdesc.obj (.text)
                  0000ff4b    0000009c     rts2800_fpu32.lib : fd_add28.asm.obj (.text)
                  0000ffe7    00000019                       : args_main.c.obj (.text)

.text.5    0    00010000    00000430     
                  00010000    00000093     usb_hal.obj (.text:retain)
                  00010093    0000008b     rts2800_fpu32.lib : fd_div28.asm.obj (.text)
                  0001011e    00000088     usblib.lib : usbtick.obj (.text)
                  000101a6    00000083     rts2800_fpu32.lib : fd_mpy28.asm.obj (.text)
                  00010229    00000072     usb_hal.obj (.text)
                  0001029b    00000061     systick.obj (.text)
                  000102fc    00000029     rts2800_fpu32.lib : exit.c.obj (.text)
                  00010325    00000028     F2837xD_PieCtrl.obj (.text)
                  0001034d    00000026     F2837xD_PieVect.obj (.text)
                  00010373    00000024     rts2800_fpu32.lib : cpy_tbl.c.obj (.text)
                  00010397    00000022     USB_dev_mouse_cpu01.obj (.text:retain)
                  000103b9    0000001f     rts2800_fpu32.lib : fd_tol28.asm.obj (.text)
                  000103d8    0000001d                       : memcpy.c.obj (.text)
                  000103f5    00000016                       : ul_tofd28.asm.obj (.text)
                  0001040b    0000000f     interrupt.obj (.text:retain)
                  0001041a    0000000e     rts2800_fpu32.lib : fd_sub28.asm.obj (.text)
                  00010428    00000008     F2837xD_CodeStartBranch.obj (.text)

.text.6    0    00011000    00001603     
                  00011000    00001603     usblib.lib : usbhostenum.obj (.text)

.ebss.1    1    00008000    00000568     UNINITIALIZED
                  00008000    0000038e     usblib.lib : usbhostenum.obj (.ebss)
                  0000838e    00000022                : usbdhidmouse.obj (.ebss)
                  000083b0    0000000a                : usbmode.obj (.ebss)
                  000083ba    00000006     USB_dev_mouse_cpu01.obj (.ebss)
                  000083c0    0000008c     usblib.lib : usbdma.obj (.ebss)
                  0000844c    0000001e                : usbtick.obj (.ebss)
                  0000846a    00000012                : usbdhid.obj (.ebss)
                  0000847c    00000004     uartstdio.obj (.ebss)
                  00008480    00000080     usblib.lib : usbdenum.obj (.ebss)
                  00008500    00000046     usb_mouse_structs.obj (.ebss)
                  00008546    00000018     F2837xD_CpuTimers.obj (.ebss)
                  0000855e    00000006     rts2800_fpu32.lib : exit.c.obj (.ebss)
                  00008564    00000002                       : _lock.c.obj (.ebss:__lock)
                  00008566    00000002                       : _lock.c.obj (.ebss:__unlock)

.ebss.2    1    00008580    0000003e     UNINITIALIZED
                  00008580    0000003e     usblib.lib : usbhhub.obj (.ebss)

.econst    1    0000a000    0000043c     
                  0000a000    000001c0     F2837xD_PieVect.obj (.econst:_PieVectTableInit)
                  0000a1c0    00000081     USB_dev_mouse_cpu01.obj (.econst:.string)
                  0000a241    00000001     --HOLE-- [fill = 0]
                  0000a242    00000038     uartstdio.obj (.econst:.string)
                  0000a27a    00000038     usblib.lib : usbdhidmouse.obj (.econst:_g_pui8MouseReportDescriptor)
                  0000a2b2    00000030     usb_mouse_structs.obj (.econst:_g_pConfigString)
                  0000a2e2    00000028     usb_mouse_structs.obj (.econst:_g_pHIDInterfaceString)
                  0000a30a    00000024     usb_mouse_structs.obj (.econst:_g_pManufacturerString)
                  0000a32e    0000001c     usb_mouse_structs.obj (.econst:_g_pProductString)
                  0000a34a    0000001a     usblib.lib : usbdenum.obj (.econst:_g_psUSBDStdRequests)
                  0000a364    00000018                : usbdhid.obj (.econst)
                  0000a37c    00000015                : usbdhidmouse.obj (.econst)
                  0000a391    00000001     --HOLE-- [fill = 0]
                  0000a392    00000014     systick.obj (.econst:.string)
                  0000a3a6    00000013     sysctl.obj (.econst:.string)
                  0000a3b9    00000012     usb_mouse_structs.obj (.econst:_g_pSerialNumberString)
                  0000a3cb    00000001     --HOLE-- [fill = 0]
                  0000a3cc    00000011     uart.obj (.econst:.string)
                  0000a3dd    00000001     --HOLE-- [fill = 0]
                  0000a3de    00000010     usb.obj (.econst:.string)
                  0000a3ee    0000000e     usb_mouse_structs.obj (.econst:_g_sMouseDevice)
                  0000a3fc    0000000c     usb_mouse_structs.obj (.econst:_g_pStringDescriptors)
                  0000a408    0000000c     usb_hal.obj (.econst)
                  0000a414    00000008     uartstdio.obj (.econst:_g_ui32UARTBase)
                  0000a41c    00000008     usblib.lib : usbhhub.obj (.econst)
                  0000a424    00000007                : usbdhidmouse.obj (.econst:_g_pui8HIDInEndpoint)
                  0000a42b    00000001     --HOLE-- [fill = 0]
                  0000a42c    00000006     uartstdio.obj (.econst:_g_ui32UARTPeriph)
                  0000a432    00000004     usb_mouse_structs.obj (.econst:_g_pLangDescriptor)
                  0000a436    00000002     usblib.lib : usbdhidmouse.obj (.econst:_g_ppsHIDConfigDescriptors)
                  0000a438    00000002                : usbdhidmouse.obj (.econst:_g_pui8MouseClassDescriptors)
                  0000a43a    00000002     uartstdio.obj (.econst)

MODULE SUMMARY

       Module                           code    initialized data   uninitialized data
       ------                           ----    ----------------   ------------------
    .\source\
       F2837xD_GlobalVariableDefs.obj   0       0                  8437              
       usb.obj                          3665    16                 0                 
       F2837xD_DefaultISR.obj           1413    0                  0                 
       uart.obj                         1182    17                 0                 
       sysctl.obj                       927     19                 0                 
       uartstdio.obj                    689     81                 4                 
       F2837xD_PieVect.obj              38      448                0                 
       interrupt.obj                    473     0                  0                 
       usb_hal.obj                      261     12                 0                 
       systick.obj                      97      20                 0                 
       F2837xD_PieCtrl.obj              40      0                  0                 
       F2837xD_CpuTimers.obj            0       0                  24                
       F2837xD_CodeStartBranch.obj      10      0                  0                 
       F2837xD_usDelay.obj              4       0                  0                 
    +--+--------------------------------+-------+------------------+--------------------+
       Total:                           8799    613                8465              
                                                                                     
    .\source\cpu01\
       USB_dev_mouse_cpu01.obj          322     133                6                 
       usb_mouse_structs.obj            0       200                70                
    +--+--------------------------------+-------+------------------+--------------------+
       Total:                           322     333                76                
                                                                                     
    ../source/usblib.lib
       usbhostenum.obj                  5635    70                 910               
       usbdenum.obj                     2141    31                 128               
       usbdhid.obj                      1934    45                 18                
       usbhhub.obj                      1030    8                  62                
       usbdhidmouse.obj                 457     137                34                
       usbmode.obj                      604     13                 10                
       usbdconfig.obj                   528     0                  0                 
       usbdma.obj                       216     0                  140               
       usbdcdesc.obj                    343     0                  0                 
       usbdesc.obj                      210     0                  0                 
       usbtick.obj                      136     14                 30                
       usbdhandler.obj                  18      0                  0                 
    +--+--------------------------------+-------+------------------+--------------------+
       Total:                           13252   318                1332              
                                                                                     
    D:\ti\CCS9.2\ccs\tools\compiler\ti-cgt-c2000_18.12.3.LTS\lib\rts2800_fpu32.lib
       fd_add28.asm.obj                 156     0                  0                 
       fd_div28.asm.obj                 139     0                  0                 
       fd_mpy28.asm.obj                 131     0                  0                 
       boot28.asm.obj                   86      0                  0                 
       exit.c.obj                       41      14                 6                 
       cpy_tbl.c.obj                    36      0                  0                 
       fd_tol28.asm.obj                 31      0                  0                 
       memcpy.c.obj                     29      0                  0                 
       args_main.c.obj                  25      0                  0                 
       _lock.c.obj                      9       10                 4                 
       ul_tofd28.asm.obj                22      0                  0                 
       fd_sub28.asm.obj                 14      0                  0                 
       pre_init.c.obj                   2       0                  0                 
       startup.c.obj                    1       0                  0                 
    +--+--------------------------------+-------+------------------+--------------------+
       Total:                           722     24                 10                
                                                                                     
       Stack:                           0       0                  512               
    +--+--------------------------------+-------+------------------+--------------------+
       Grand Total:                     23095   1288               10395             


GLOBAL DATA SYMBOLS: SORTED BY DATA PAGE

address     data page           name
--------    ----------------    ----
00000400      10 (00000400)     __stack

00000b00      2c (00000b00)     _AdcaResultRegs
00000b20      2c (00000b00)     _AdcbResultRegs

00000b40      2d (00000b40)     _AdccResultRegs
00000b60      2d (00000b40)     _AdcdResultRegs

00000c00      30 (00000c00)     _CpuTimer0Regs
00000c08      30 (00000c00)     _CpuTimer1Regs
00000c10      30 (00000c00)     _CpuTimer2Regs

00000ce0      33 (00000cc0)     _Cla1SoftIntRegs
00000ce0      33 (00000cc0)     _PieCtrlRegs

00000d00      34 (00000d00)     _EmuKey
00000d00      34 (00000d00)     _PieVectTable
00000d01      34 (00000d00)     _EmuBMode

00001000      40 (00001000)     _DmaRegs

00001400      50 (00001400)     _Cla1Regs

00004000     100 (00004000)     _EPwm1Regs

00004100     104 (00004100)     _EPwm2Regs

00004200     108 (00004200)     _EPwm3Regs

00004300     10c (00004300)     _EPwm4Regs

00004400     110 (00004400)     _EPwm5Regs

00004500     114 (00004500)     _EPwm6Regs

00004600     118 (00004600)     _EPwm7Regs

00004700     11c (00004700)     _EPwm8Regs

00004800     120 (00004800)     _EPwm9Regs

00004900     124 (00004900)     _EPwm10Regs

00004a00     128 (00004a00)     _EPwm11Regs

00004b00     12c (00004b00)     _EPwm12Regs

00005000     140 (00005000)     _ECap1Regs
00005020     140 (00005000)     _ECap2Regs

00005040     141 (00005040)     _ECap3Regs
00005060     141 (00005040)     _ECap4Regs

00005080     142 (00005080)     _ECap5Regs
000050a0     142 (00005080)     _ECap6Regs

00005100     144 (00005100)     _EQep1Regs

00005140     145 (00005140)     _EQep2Regs

00005180     146 (00005180)     _EQep3Regs

00005c00     170 (00005c00)     _DacaRegs
00005c10     170 (00005c00)     _DacbRegs
00005c20     170 (00005c00)     _DaccRegs

00005c80     172 (00005c80)     _Cmpss1Regs
00005ca0     172 (00005c80)     _Cmpss2Regs

00005cc0     173 (00005cc0)     _Cmpss3Regs
00005ce0     173 (00005cc0)     _Cmpss4Regs

00005d00     174 (00005d00)     _Cmpss5Regs
00005d20     174 (00005d00)     _Cmpss6Regs

00005d40     175 (00005d40)     _Cmpss7Regs
00005d60     175 (00005d40)     _Cmpss8Regs

00005e00     178 (00005e00)     _Sdfm1Regs

00005e80     17a (00005e80)     _Sdfm2Regs

00006000     180 (00006000)     _McbspaRegs

00006040     181 (00006040)     _McbspbRegs

00006100     184 (00006100)     _SpiaRegs
00006110     184 (00006100)     _SpibRegs
00006120     184 (00006100)     _SpicRegs

00006200     188 (00006200)     _UppRegs

00007000     1c0 (00007000)     _WdRegs

00007060     1c1 (00007040)     _NmiIntruptRegs
00007070     1c1 (00007040)     _XintRegs

00007200     1c8 (00007200)     _SciaRegs
00007210     1c8 (00007200)     _ScibRegs
00007220     1c8 (00007200)     _ScicRegs
00007230     1c8 (00007200)     _ScidRegs

00007300     1cc (00007300)     _I2caRegs

00007340     1cd (00007340)     _I2cbRegs

00007400     1d0 (00007400)     _AdcaRegs

00007480     1d2 (00007480)     _AdcbRegs

00007500     1d4 (00007500)     _AdccRegs

00007580     1d6 (00007580)     _AdcdRegs

00007900     1e4 (00007900)     _InputXbarRegs
00007920     1e4 (00007900)     _XbarRegs

00007940     1e5 (00007940)     _SyncSocRegs

00007980     1e6 (00007980)     _DmaClaSrcSelRegs

00007a00     1e8 (00007a00)     _EPwmXbarRegs

00007a80     1ea (00007a80)     _OutputXbarRegs

00007c00     1f0 (00007c00)     _GpioCtrlRegs

00007f00     1fc (00007f00)     _GpioDataRegs

0000838e     20e (00008380)     _g_sHIDConfigHeader
00008392     20e (00008380)     _g_sHIDDescriptorSection
00008396     20e (00008380)     _g_psHIDSections
0000839e     20e (00008380)     _g_pui8HIDInterface
000083a7     20e (00008380)     _g_pui8MouseDescriptor
000083b1     20e (00008380)     _g_iUSBMode
000083b2     20e (00008380)     _g_eOTGModeState
000083b6     20e (00008380)     _g_ui32PollRate
000083b8     20e (00008380)     _g_ui32WaitTicks
000083ba     20e (00008380)     _g_bConnected
000083bb     20e (00008380)     _g_eMouseState
000083bc     20e (00008380)     _g_ulCommands
000083be     20e (00008380)     _g_ulSysTickCount

0000844c     211 (00008440)     _g_bUSBTimerInitialized
0000844e     211 (00008440)     _g_ui32CurrentUSBTick
00008450     211 (00008440)     _g_ui32USBSOFCount
00008452     211 (00008440)     _g_pfnTickHandlers
0000845e     211 (00008440)     _g_pvTickInstance
0000846a     211 (00008440)     _g_pui8HIDDeviceDescriptor

00008480     212 (00008480)     _g_ppsDevInfo
00008484     212 (00008480)     _g_psDCDInst

00008500     214 (00008500)     _g_sMouseInstance

00008546     215 (00008540)     _CpuTimer0
0000854e     215 (00008540)     _CpuTimer1
00008556     215 (00008540)     _CpuTimer2
0000855e     215 (00008540)     ___TI_enable_exit_profile_output
00008560     215 (00008540)     ___TI_cleanup_ptr
00008562     215 (00008540)     ___TI_dtors_ptr
00008564     215 (00008540)     __lock
00008566     215 (00008540)     __unlock

0000a000     280 (0000a000)     _PieVectTableInit

0000a2b2     28a (0000a280)     _g_pConfigString

0000a2e2     28b (0000a2c0)     _g_pHIDInterfaceString

0000a30a     28c (0000a300)     _g_pManufacturerString
0000a32e     28c (0000a300)     _g_pProductString

0000a364     28d (0000a340)     _g_sHIDHandlers
0000a37c     28d (0000a340)     _g_sHIDConfigSection

0000a380     28e (0000a380)     _g_sHIDInterfaceSection
0000a384     28e (0000a380)     _g_sHIDInEndpointSection
0000a3b9     28e (0000a380)     _g_pSerialNumberString

0000a3ee     28f (0000a3c0)     _g_sMouseDevice
0000a3fc     28f (0000a3c0)     _g_pStringDescriptors

0000a41c     290 (0000a400)     _g_sUSBHubClassDriver
0000a424     290 (0000a400)     _g_pui8HIDInEndpoint
0000a432     290 (0000a400)     _g_pLangDescriptor
0000a436     290 (0000a400)     _g_ppsHIDConfigDescriptors

00047000    11c0 (00047000)     _Emif1Regs

00047800    11e0 (00047800)     _Emif2Regs

00050024    1400 (00050000)     _FlashPumpSemaphoreRegs

0005d000    1740 (0005d000)     _DevCfgRegs

0005d180    1746 (0005d180)     _AnalogSubsysRegs

0005d200    1748 (0005d200)     _ClkCfgRegs

0005d300    174c (0005d300)     _CpuSysRegs

0005e608    1798 (0005e600)     _RomPrefetchRegs

0005f000    17c0 (0005f000)     _DcsmZ1Regs

0005f040    17c1 (0005f040)     _DcsmZ2Regs
0005f070    17c1 (0005f040)     _DcsmCommonRegs

0005f400    17d0 (0005f400)     _MemCfgRegs

0005f480    17d2 (0005f480)     _Emif1ConfigRegs
0005f4a0    17d2 (0005f480)     _Emif2ConfigRegs

0005f4c0    17d3 (0005f4c0)     _AccessProtectionRegs

0005f500    17d4 (0005f500)     _MemoryErrorRegs

0005f540    17d5 (0005f540)     _RomWaitStateRegs

0005f800    17e0 (0005f800)     _Flash0CtrlRegs

0005fb00    17ec (0005fb00)     _Flash0EccRegs

0005fc00    17f0 (0005fc00)     _Flash1CtrlRegs

0005ff00    17fc (0005ff00)     _Flash1EccRegs

00078000    1e00 (00078000)     _DcsmZ1Otp

00078200    1e08 (00078200)     _DcsmZ2Otp


GLOBAL SYMBOLS: SORTED ALPHABETICALLY BY Name 

page  address   name                                  
----  -------   ----                                  
abs   ffffffff  .text                                 
0     000102fc  C$$EXIT                               
0     0000ff4b  FD$$ADD                               
0     00010093  FD$$DIV                               
0     000101a6  FD$$MPY                               
0     0001041a  FD$$SUB                               
0     000103b9  FD$$TOL                               
0     000103f5  UL$$TOFD                              
0     0000e0be  _ADCA1_ISR                            
0     0000e33e  _ADCA2_ISR                            
0     0000e348  _ADCA3_ISR                            
0     0000e352  _ADCA4_ISR                            
0     0000e334  _ADCA_EVT_ISR                         
0     0000e0c8  _ADCB1_ISR                            
0     0000e366  _ADCB2_ISR                            
0     0000e370  _ADCB3_ISR                            
0     0000e37a  _ADCB4_ISR                            
0     0000e35c  _ADCB_EVT_ISR                         
0     0000e0d2  _ADCC1_ISR                            
0     0000e4ce  _ADCC2_ISR                            
0     0000e4d8  _ADCC3_ISR                            
0     0000e4e2  _ADCC4_ISR                            
0     0000e4c4  _ADCC_EVT_ISR                         
0     0000e0f0  _ADCD1_ISR                            
0     0000e4f6  _ADCD2_ISR                            
0     0000e500  _ADCD3_ISR                            
0     0000e50a  _ADCD4_ISR                            
0     0000e4ec  _ADCD_EVT_ISR                         
0     0000e546  _AUX_PLL_SLIP_ISR                     
1     0005f4c0  _AccessProtectionRegs                 
1     00007400  _AdcaRegs                             
1     00000b00  _AdcaResultRegs                       
1     00007480  _AdcbRegs                             
1     00000b20  _AdcbResultRegs                       
1     00007500  _AdccRegs                             
1     00000b40  _AdccResultRegs                       
1     00007580  _AdcdRegs                             
1     00000b60  _AdcdResultRegs                       
1     0005d180  _AnalogSubsysRegs                     
0     0000e30c  _CANA0_ISR                            
0     0000e316  _CANA1_ISR                            
0     0000e320  _CANB0_ISR                            
0     0000e32a  _CANB1_ISR                            
0     0000e384  _CLA1_1_ISR                           
0     0000e38e  _CLA1_2_ISR                           
0     0000e398  _CLA1_3_ISR                           
0     0000e3a2  _CLA1_4_ISR                           
0     0000e3ac  _CLA1_5_ISR                           
0     0000e3b6  _CLA1_6_ISR                           
0     0000e3c0  _CLA1_7_ISR                           
0     0000e3ca  _CLA1_8_ISR                           
0     0000e550  _CLA_OVERFLOW_ISR                     
0     0000e55a  _CLA_UNDERFLOW_ISR                    
1     00001400  _Cla1Regs                             
0     00000ce0  _Cla1SoftIntRegs                      
1     0005d200  _ClkCfgRegs                           
1     00005c80  _Cmpss1Regs                           
1     00005ca0  _Cmpss2Regs                           
1     00005cc0  _Cmpss3Regs                           
1     00005ce0  _Cmpss4Regs                           
1     00005d00  _Cmpss5Regs                           
1     00005d20  _Cmpss6Regs                           
1     00005d40  _Cmpss7Regs                           
1     00005d60  _Cmpss8Regs                           
0     00011000  _ConfigDescAlloc                      
0     00011054  _ConfigDescFree                       
0     0000fd01  _ConfigureUART                        
1     0005d300  _CpuSysRegs                           
1     00008546  _CpuTimer0                            
1     00000c00  _CpuTimer0Regs                        
1     0000854e  _CpuTimer1                            
1     00000c08  _CpuTimer1Regs                        
1     00008556  _CpuTimer2                            
1     00000c10  _CpuTimer2Regs                        
0     0000e014  _DATALOG_ISR                          
0     0000e258  _DMA_CH1_ISR                          
0     0000e262  _DMA_CH2_ISR                          
0     0000e26c  _DMA_CH3_ISR                          
0     0000e276  _DMA_CH4_ISR                          
0     0000e280  _DMA_CH5_ISR                          
0     0000e28a  _DMA_CH6_ISR                          
1     00005c00  _DacaRegs                             
1     00005c10  _DacbRegs                             
1     00005c20  _DaccRegs                             
1     0005f070  _DcsmCommonRegs                       
1     00078000  _DcsmZ1Otp                            
1     0005f000  _DcsmZ1Regs                           
1     00078200  _DcsmZ2Otp                            
1     0005f040  _DcsmZ2Regs                           
1     0005d000  _DevCfgRegs                           
1     00007980  _DmaClaSrcSelRegs                     
1     00001000  _DmaRegs                              
0     0000e1ae  _ECAP1_ISR                            
0     0000e1b8  _ECAP2_ISR                            
0     0000e1c2  _ECAP3_ISR                            
0     0000e1cc  _ECAP4_ISR                            
0     0000e1d6  _ECAP5_ISR                            
0     0000e1e0  _ECAP6_ISR                            
1     00005000  _ECap1Regs                            
1     00005020  _ECap2Regs                            
1     00005040  _ECap3Regs                            
1     00005060  _ECap4Regs                            
1     00005080  _ECap5Regs                            
1     000050a0  _ECap6Regs                            
0     0000e514  _EMIF_ERROR_ISR                       
0     0000e56e  _EMPTY_ISR                            
0     0000e028  _EMU_ISR                              
0     0000e46a  _EPWM10_ISR                           
0     0000e442  _EPWM10_TZ_ISR                        
0     0000e474  _EPWM11_ISR                           
0     0000e44c  _EPWM11_TZ_ISR                        
0     0000e47e  _EPWM12_ISR                           
0     0000e456  _EPWM12_TZ_ISR                        
0     0000e15e  _EPWM1_ISR                            
0     0000e10e  _EPWM1_TZ_ISR                         
0     0000e168  _EPWM2_ISR                            
0     0000e118  _EPWM2_TZ_ISR                         
0     0000e172  _EPWM3_ISR                            
0     0000e122  _EPWM3_TZ_ISR                         
0     0000e17c  _EPWM4_ISR                            
0     0000e12c  _EPWM4_TZ_ISR                         
0     0000e186  _EPWM5_ISR                            
0     0000e136  _EPWM5_TZ_ISR                         
0     0000e190  _EPWM6_ISR                            
0     0000e140  _EPWM6_TZ_ISR                         
0     0000e19a  _EPWM7_ISR                            
0     0000e14a  _EPWM7_TZ_ISR                         
0     0000e1a4  _EPWM8_ISR                            
0     0000e154  _EPWM8_TZ_ISR                         
0     0000e460  _EPWM9_ISR                            
0     0000e438  _EPWM9_TZ_ISR                         
1     00004900  _EPwm10Regs                           
1     00004a00  _EPwm11Regs                           
1     00004b00  _EPwm12Regs                           
1     00004000  _EPwm1Regs                            
1     00004100  _EPwm2Regs                            
1     00004200  _EPwm3Regs                            
1     00004300  _EPwm4Regs                            
1     00004400  _EPwm5Regs                            
1     00004500  _EPwm6Regs                            
1     00004600  _EPwm7Regs                            
1     00004700  _EPwm8Regs                            
1     00004800  _EPwm9Regs                            
1     00007a00  _EPwmXbarRegs                         
0     0000e1ea  _EQEP1_ISR                            
0     0000e1f4  _EQEP2_ISR                            
0     0000e1fe  _EQEP3_ISR                            
1     00005100  _EQep1Regs                            
1     00005140  _EQep2Regs                            
1     00005180  _EQep3Regs                            
1     0005f480  _Emif1ConfigRegs                      
1     00047000  _Emif1Regs                            
1     0005f4a0  _Emif2ConfigRegs                      
1     00047800  _Emif2Regs                            
1     00000d01  _EmuBMode                             
1     00000d00  _EmuKey                               
0     00010344  _EnableInterrupts                     
0     000001f5  _F28x_usDelay                         
0     0000e528  _FLASH_CORRECTABLE_ERROR_ISR          
0     0000e3fc  _FPU_OVERFLOW_ISR                     
0     0000e406  _FPU_UNDERFLOW_ISR                    
1     0005f800  _Flash0CtrlRegs                       
1     0005fb00  _Flash0EccRegs                        
1     0005fc00  _Flash1CtrlRegs                       
1     0005ff00  _Flash1EccRegs                        
1     00050024  _FlashPumpSemaphoreRegs               
1     00007c00  _GpioCtrlRegs                         
1     00007f00  _GpioDataRegs                         
0     0000e29e  _I2CA_FIFO_ISR                        
0     0000e294  _I2CA_ISR                             
0     0000e2b2  _I2CB_FIFO_ISR                        
0     0000e2a8  _I2CB_ISR                             
1     00007300  _I2caRegs                             
1     00007340  _I2cbRegs                             
0     0000e03c  _ILLEGAL_ISR                          
0     0000e410  _IPC0_ISR                             
0     0000e41a  _IPC1_ISR                             
0     0000e424  _IPC2_ISR                             
0     0000e42e  _IPC3_ISR                             
0     00010325  _InitPieCtrl                          
0     0001034d  _InitPieVectTable                     
1     00007900  _InputXbarRegs                        
0     0001040b  _IntDefaultHandler                    
0     0000eef4  _IntDisable                           
0     0000ee61  _IntEnable                            
0     0000ef74  _IntIFRClear                          
0     0000ee31  _IntMasterDisable                     
0     0000ee29  _IntMasterEnable                      
0     0000ee39  _IntRegister                          
0     0000ee4c  _IntUnregister                        
0     0001210e  _InternalUSBHCDSendEvent              
0     00010149  _InternalUSBRegisterTickHandler       
0     00010179  _InternalUSBStartOfFrameTick          
0     0001011e  _InternalUSBTickInit                  
0     00010145  _InternalUSBTickReset                 
0     0000e230  _MCBSPA_RX_ISR                        
0     0000e23a  _MCBSPA_TX_ISR                        
0     0000e244  _MCBSPB_RX_ISR                        
0     0000e24e  _MCBSPB_TX_ISR                        
1     00006000  _McbspaRegs                           
1     00006040  _McbspbRegs                           
1     0005f400  _MemCfgRegs                           
1     0005f500  _MemoryErrorRegs                      
0     0000fc86  _MouseHandler                         
0     0000fcc8  _MoveHandler                          
0     0000e032  _NMI_ISR                              
0     0000e57b  _NOTUSED_ISR                          
1     00007060  _NmiIntruptRegs                       
0     0000f84a  _OTGDeviceDisconnect                  
1     00007a80  _OutputXbarRegs                       
0     0000e564  _PIE_RESERVED_ISR                     
1     00000ce0  _PieCtrlRegs                          
1     00000d00  _PieVectTable                         
1     0000a000  _PieVectTableInit                     
0     0000e532  _RAM_ACCESS_VIOLATION_ISR             
0     0000e51e  _RAM_CORRECTABLE_ERROR_ISR            
0     0000e01e  _RTOS_ISR                             
1     0005e608  _RomPrefetchRegs                      
1     0005f540  _RomWaitStateRegs                     
0     0000e2e4  _SCIA_RX_ISR                          
0     0000e2ee  _SCIA_TX_ISR                          
0     0000e2f8  _SCIB_RX_ISR                          
0     0000e302  _SCIB_TX_ISR                          
0     0000e2bc  _SCIC_RX_ISR                          
0     0000e2c6  _SCIC_TX_ISR                          
0     0000e2d0  _SCID_RX_ISR                          
0     0000e2da  _SCID_TX_ISR                          
0     0000e488  _SD1_ISR                              
0     0000e492  _SD2_ISR                              
0     0000e208  _SPIA_RX_ISR                          
0     0000e212  _SPIA_TX_ISR                          
0     0000e21c  _SPIB_RX_ISR                          
0     0000e226  _SPIB_TX_ISR                          
0     0000e49c  _SPIC_RX_ISR                          
0     0000e4a6  _SPIC_TX_ISR                          
0     0000e53c  _SYS_PLL_SLIP_ISR                     
1     00007200  _SciaRegs                             
1     00007210  _ScibRegs                             
1     00007220  _ScicRegs                             
1     00007230  _ScidRegs                             
1     00005e00  _Sdfm1Regs                            
1     00005e80  _Sdfm2Regs                            
1     00006100  _SpiaRegs                             
1     00006110  _SpibRegs                             
1     00006120  _SpicRegs                             
1     00007940  _SyncSocRegs                          
0     0000f31b  _SysCtlAuxClockSet                    
0     0000f219  _SysCtlClockGet                       
0     0000f27b  _SysCtlClockSet                       
0     000001f9  _SysCtlDelay                          
0     0000f264  _SysCtlLowSpeedClockGet               
0     0000f1f4  _SysCtlPeripheralDisable              
0     0000f1da  _SysCtlPeripheralEnable               
0     0000f143  _SysCtlPeripheralPresent              
0     0000f16b  _SysCtlPeripheralReady                
0     0000f1ae  _SysCtlPeripheralReset                
0     0000f20f  _SysCtlReset                          
0     0000f39a  _SysCtlUSBPLLDisable                  
0     0000f399  _SysCtlUSBPLLEnable                   
0     000102ae  _SysTickDisable                       
0     000102a7  _SysTickEnable                        
0     00010397  _SysTickHandler                       
0     0001029b  _SysTickInit                          
0     000102d7  _SysTickIntDisable                    
0     000102cd  _SysTickIntEnable                     
0     000102b3  _SysTickIntRegister                   
0     000102c2  _SysTickIntUnregister                 
0     000102f4  _SysTickPeriodGet                     
0     000102e1  _SysTickPeriodSet                     
0     000102f8  _SysTickValueGet                      
0     0000e0fa  _TIMER0_ISR                           
0     0000e000  _TIMER1_ISR                           
0     0000e00a  _TIMER2_ISR                           
0     0000e85c  _UARTBusy                             
0     0000e803  _UARTCharGet                          
0     0000e7d3  _UARTCharGetNonBlocking               
0     0000e844  _UARTCharPut                          
0     0000e826  _UARTCharPutNonBlocking               
0     0000e786  _UARTCharsAvail                       
0     0000e6a4  _UARTConfigGetExpClk                  
0     0000e660  _UARTConfigSetExpClk                  
0     0000e6e8  _UARTDisable                          
0     0000e6d3  _UARTEnable                           
0     0000e736  _UARTFIFODisable                      
0     0000e722  _UARTFIFOEnable                       
0     0000e620  _UARTFIFOIntLevelGet                  
0     0000e5db  _UARTFIFOIntLevelSet                  
0     0000e63f  _UARTFIFOLevelGet                     
0     0000e9b9  _UARTIntClear                         
0     0000e93c  _UARTIntDisable                       
0     0000e900  _UARTIntEnable                        
0     0000e97d  _UARTIntStatus                        
0     0000e5c9  _UARTParityModeGet                    
0     0000e5a4  _UARTParityModeSet                    
0     0000e878  _UARTRXIntRegister                    
0     0000e8be  _UARTRXIntUnregister                  
0     0000ea02  _UARTRxErrorClear                     
0     0000e9f1  _UARTRxErrorGet                       
0     0000e7b7  _UARTSpaceAvail                       
0     0000f39b  _UARTStdioConfig                      
0     0000e89b  _UARTTXIntRegister                    
0     0000e8df  _UARTTXIntUnregister                  
0     0000e771  _UARTTxIntModeGet                     
0     0000e74a  _UARTTxIntModeSet                     
0     0000f47d  _UARTgetc                             
0     0000f411  _UARTgets                             
0     0000f641  _UARTprintf                           
0     0000e706  _UARTsetLoopBack                      
0     0000f483  _UARTvprintf                          
0     0000f3dc  _UARTwrite                            
0     0000e4b0  _UPPA_ISR                             
0     0000dfeb  _USB0DeviceIntHandler                 
0     0000f69c  _USB0DualModeIntHandler               
0     00012093  _USB0HostIntHandler                   
0     0000f7cb  _USB0OTGModeIntHandler                
0     0000e4ba  _USBA_ISR                             
0     0000cef2  _USBDCDConfigDescGet                  
0     0000cecc  _USBDCDConfigDescGetNum               
0     0000ceb2  _USBDCDConfigDescGetSize              
0     0000cf5d  _USBDCDConfigGetInterface             
0     0000cf76  _USBDCDConfigGetInterfaceEndpoint     
0     0000cf38  _USBDCDConfigGetNumAlternateInterfaces
0     0000d000  _USBDCDDeviceInfoInit                 
0     0000d012  _USBDCDInit                           
0     0000d0ff  _USBDCDPowerStatusSet                 
0     0000d10c  _USBDCDRemoteWakeupRequest            
0     0000d0c9  _USBDCDRequestDataEP0                 
0     0000d0d7  _USBDCDSendDataEP0                    
0     0000d0e6  _USBDCDSetDefaultConfiguration        
0     0000d0ee  _USBDCDStallEP0                       
0     0000d094  _USBDCDTerm                           
0     0000de18  _USBDHIDCompositeInit                 
0     0000dde1  _USBDHIDInit                          
0     0000fb7b  _USBDHIDMouseCompositeInit            
0     0000fb51  _USBDHIDMouseInit                     
0     0000fc5f  _USBDHIDMousePowerStatusSet           
0     0000fc70  _USBDHIDMouseRemoteWakeupRequest      
0     0000fc15  _USBDHIDMouseSetCBData                
0     0000fc21  _USBDHIDMouseStateChange              
0     0000fc01  _USBDHIDMouseTerm                     
0     0000df57  _USBDHIDPacketRead                    
0     0000dfdb  _USBDHIDPowerStatusSet                
0     0000dfe4  _USBDHIDRemoteWakeupRequest           
0     0000df14  _USBDHIDReportWrite                   
0     0000dfbc  _USBDHIDRxPacketAvailable             
0     0000def4  _USBDHIDSetRxCBData                   
0     0000df04  _USBDHIDSetTxCBData                   
0     0000dee7  _USBDHIDTerm                          
0     0000dfac  _USBDHIDTxPacketAvailable             
0     00010259  _USBDelay                             
0     0000fea1  _USBDescGet                           
0     0000ff1e  _USBDescGetInterface                  
0     0000ff38  _USBDescGetInterfaceEndpoint          
0     0000fe79  _USBDescGetNum                        
0     0000fece  _USBDescGetNumAlternateInterfaces     
0     0000c558  _USBDevAddrGet                        
0     0000c545  _USBDevAddrSet                        
0     0000c518  _USBDevConnect                        
0     0000c52e  _USBDevDisconnect                     
0     0000c6c9  _USBDevEndpointConfigGet              
0     0000c640  _USBDevEndpointConfigSet              
0     0000c954  _USBDevEndpointDataAck                
0     0000c44f  _USBDevEndpointStall                  
0     0000c4aa  _USBDevEndpointStallClear             
0     0000c32a  _USBDevEndpointStatusClear            
0     0000cdfa  _USBDevMode                           
0     0000f902  _USBDeviceConfig                      
0     0000fa4b  _USBDeviceConfigAlternate             
0     0000d190  _USBDeviceEnumHandler                 
0     0000d251  _USBDeviceEnumResetHandler            
0     0000d7c5  _USBDeviceIntHandlerInternal          
0     0000d122  _USBDeviceResumeTickHandler           
0     0000f6d7  _USBDualModeInit                      
0     0000f71a  _USBDualModeTerm                      
0     0000cd91  _USBEndpointDMAChannel                
0     0000c82e  _USBEndpointDMAConfigSet              
0     0000c888  _USBEndpointDMADisable                
0     0000c870  _USBEndpointDMAEnable                 
0     0000c8a2  _USBEndpointDataAvail                 
0     0000c8e9  _USBEndpointDataGet                   
0     0000c9e1  _USBEndpointDataPut                   
0     0000ca35  _USBEndpointDataSend                  
0     0000c40f  _USBEndpointDataToggleClear           
0     0000ce3d  _USBEndpointPacketCountSet            
0     0000c29c  _USBEndpointStatus                    
0     0000cd71  _USBFIFOAddrGet                       
0     0000c7c6  _USBFIFOConfigGet                     
0     0000c760  _USBFIFOConfigSet                     
0     0000ca8e  _USBFIFOFlush                         
0     0000cd3c  _USBFrameNumberGet                    
0     00010243  _USBGPIODisable                       
0     00010229  _USBGPIOEnable                        
0     00012382  _USBHCDControlTransfer                
0     00012580  _USBHCDDevAddress                     
0     00012594  _USBHCDDevClass                       
0     0001256c  _USBHCDDevHubPort                     
0     000125de  _USBHCDDevProtocol                    
0     000125b9  _USBHCDDevSubClass                    
0     000110da  _USBHCDEventDisable                   
0     000110c5  _USBHCDEventEnable                    
0     00012414  _USBHCDHubDeviceConnected             
0     0001246c  _USBHCDHubDeviceDisconnected          
0     000119e3  _USBHCDInit                           
0     000121bb  _USBHCDMain                           
0     000113a3  _USBHCDPipeAlloc                      
0     000111af  _USBHCDPipeAllocSize                  
0     000113b2  _USBHCDPipeConfig                     
0     0001165b  _USBHCDPipeDataAck                    
0     00011790  _USBHCDPipeFree                       
0     00011678  _USBHCDPipeRead                       
0     00011630  _USBHCDPipeReadNonBlocking            
0     00011589  _USBHCDPipeSchedule                   
0     00011482  _USBHCDPipeStatus                     
0     00011487  _USBHCDPipeWrite                      
0     000119d8  _USBHCDPowerAutomatic                 
0     000119a7  _USBHCDPowerConfigGet                 
0     0001199f  _USBHCDPowerConfigInit                
0     000119ae  _USBHCDPowerConfigSet                 
0     00011a39  _USBHCDRegisterDrivers                
0     00011aa6  _USBHCDReset                          
0     00011ad5  _USBHCDResume                         
0     00011b95  _USBHCDSetAddress                     
0     00011c3e  _USBHCDSetConfig                      
0     00011c62  _USBHCDSetInterface                   
0     00011acc  _USBHCDSuspend                        
0     00011a44  _USBHCDTerm                           
0     0000ee13  _USBHHubClose                         
0     0000ede3  _USBHHubEnumerationComplete           
0     0000edf4  _USBHHubEnumerationError              
0     0000ee1c  _USBHHubInit                          
0     0000ecf6  _USBHHubMain                          
0     0000ee05  _USBHHubOpen                          
0     0000cbca  _USBHostAddrGet                       
0     0000cb88  _USBHostAddrSet                       
0     00011c8e  _USBHostCheckPipes                    
0     0000c56c  _USBHostEndpointConfig                
0     0000c99e  _USBHostEndpointDataAck               
0     0000c394  _USBHostEndpointDataToggle            
0     0000c2db  _USBHostEndpointStatusClear           
0     0000cc66  _USBHostHubAddrGet                    
0     0000cc0e  _USBHostHubAddrSet                    
0     00011d1a  _USBHostIntHandlerInternal            
0     0000cde3  _USBHostMode                          
0     0000ccaa  _USBHostPwrConfig                     
0     0000cd25  _USBHostPwrDisable                    
0     0000cd0e  _USBHostPwrEnable                     
0     0000ccf7  _USBHostPwrFaultDisable               
0     0000cce0  _USBHostPwrFaultEnable                
0     0000caf2  _USBHostRequestIN                     
0     0000cb31  _USBHostRequestINClear                
0     0000cb71  _USBHostRequestStatus                 
0     0000c0a3  _USBHostReset                         
0     0000c0c2  _USBHostResume                        
0     0000c0e3  _USBHostSpeedGet                      
0     0000c08f  _USBHostSuspend                       
0     0000c106  _USBIntDisableControl                 
0     0000c1fb  _USBIntDisableEndpoint                
0     0000c141  _USBIntEnableControl                  
0     0000c219  _USBIntEnableEndpoint                 
0     0000c254  _USBIntRegister                       
0     0000c179  _USBIntStatus                         
0     0000c1c9  _USBIntStatusControl                  
0     0000c235  _USBIntStatusEndpoint                 
0     0000c279  _USBIntUnregister                     
0     0000fe1c  _USBLibDMAInit                        
0     0000cd7a  _USBModeGet                           
0     0000ce4c  _USBNumEndpointsGet                   
0     0000f858  _USBOTGMain                           
0     0000ce11  _USBOTGMode                           
0     0000f74f  _USBOTGModeInit                       
0     0000f733  _USBOTGModeTerm                       
0     0000f7c3  _USBOTGPollRate                       
0     0000cd50  _USBOTGSessionRequest                 
0     0000ce28  _USBPHYPowerOff                       
0     0000ce32  _USBPHYPowerOn                        
0     0000f686  _USBStackModeSet                      
0     0000e0a0  _USER10_ISR                           
0     0000e0aa  _USER11_ISR                           
0     0000e0b4  _USER12_ISR                           
0     0000e046  _USER1_ISR                            
0     0000e050  _USER2_ISR                            
0     0000e05a  _USER3_ISR                            
0     0000e064  _USER4_ISR                            
0     0000e06e  _USER5_ISR                            
0     0000e078  _USER6_ISR                            
0     0000e082  _USER7_ISR                            
0     0000e08c  _USER8_ISR                            
0     0000e096  _USER9_ISR                            
1     00006200  _UppRegs                              
0     0000e3f2  _VCU_ISR                              
0     0000e104  _WAKE_ISR                             
0     0000fca8  _WaitForSendIdle                      
1     00007000  _WdRegs                               
0     0000e0dc  _XINT1_ISR                            
0     0000e0e6  _XINT2_ISR                            
0     0000e3d4  _XINT3_ISR                            
0     0000e3de  _XINT4_ISR                            
0     0000e3e8  _XINT5_ISR                            
1     00007920  _XbarRegs                             
1     00007070  _XintRegs                             
1     00000600  __STACK_END                           
abs   00000200  __STACK_SIZE                          
1     00008560  ___TI_cleanup_ptr                     
1     00008562  ___TI_dtors_ptr                       
1     0000855e  ___TI_enable_exit_profile_output      
abs   ffffffff  ___TI_pprof_out_hndl                  
abs   ffffffff  ___TI_prof_data_size                  
abs   ffffffff  ___TI_prof_data_start                 
abs   ffffffff  ___binit__                            
abs   ffffffff  ___c_args__                           
0     00000122  ___cinit__                            
0     0000fc81  ___error__                            
abs   ffffffff  ___etext__                            
abs   ffffffff  ___pinit__                            
abs   ffffffff  ___text__                             
0     0000ffe7  __args_main                           
1     00008564  __lock                                
0     0000effb  __nop                                 
0     0000eff7  __register_lock                       
0     0000eff3  __register_unlock                     
1     00000400  __stack                               
0     0000dffd  __system_post_cinit                   
0     0000cffe  __system_pre_init                     
1     00008566  __unlock                              
0     000102fc  _abort                                
0     0000cfa8  _c_int00                              
0     00010373  _copy_in                              
0     000102fe  _exit                                 
0     00010000  _f28x_USB0DeviceIntHandler            
0     00010062  _f28x_USB0DualModeIntHandler          
0     00010031  _f28x_USB0HostIntHandler              
1     000083ba  _g_bConnected                         
1     0000844c  _g_bUSBTimerInitialized               
1     000083bb  _g_eMouseState                        
1     000083b2  _g_eOTGModeState                      
1     000083b1  _g_iUSBMode                           
1     0000a2b2  _g_pConfigString                      
1     0000a2e2  _g_pHIDInterfaceString                
1     0000a432  _g_pLangDescriptor                    
1     0000a30a  _g_pManufacturerString                
1     0000a32e  _g_pProductString                     
1     0000a3b9  _g_pSerialNumberString                
1     0000a3fc  _g_pStringDescriptors                 
1     00008452  _g_pfnTickHandlers                    
1     00008480  _g_ppsDevInfo                         
1     0000a436  _g_ppsHIDConfigDescriptors            
1     00008484  _g_psDCDInst                          
1     00008396  _g_psHIDSections                      
1     0000846a  _g_pui8HIDDeviceDescriptor            
1     0000a424  _g_pui8HIDInEndpoint                  
1     0000839e  _g_pui8HIDInterface                   
1     000083a7  _g_pui8MouseDescriptor                
1     0000845e  _g_pvTickInstance                     
1     0000838e  _g_sHIDConfigHeader                   
1     0000a37c  _g_sHIDConfigSection                  
1     00008392  _g_sHIDDescriptorSection              
1     0000a364  _g_sHIDHandlers                       
1     0000a384  _g_sHIDInEndpointSection              
1     0000a380  _g_sHIDInterfaceSection               
1     0000a3ee  _g_sMouseDevice                       
1     00008500  _g_sMouseInstance                     
1     0000a41c  _g_sUSBHubClassDriver                 
1     0000844e  _g_ui32CurrentUSBTick                 
1     000083b6  _g_ui32PollRate                       
1     00008450  _g_ui32USBSOFCount                    
1     000083b8  _g_ui32WaitTicks                      
1     000083bc  _g_ulCommands                         
1     000083be  _g_ulSysTickCount                     
0     0000fd2d  _main                                 
0     000103d8  _memcpy                               
abs   ffffffff  binit                                 
0     00000122  cinit                                 
0     00000000  code_start                            
abs   ffffffff  etext                                 
abs   ffffffff  pinit                                 


GLOBAL SYMBOLS: SORTED BY Symbol Address 

page  address   name                                  
----  -------   ----                                  
0     00000000  code_start                            
0     00000122  ___cinit__                            
0     00000122  cinit                                 
0     000001f5  _F28x_usDelay                         
0     000001f9  _SysCtlDelay                          
0     00000ce0  _Cla1SoftIntRegs                      
0     0000c08f  _USBHostSuspend                       
0     0000c0a3  _USBHostReset                         
0     0000c0c2  _USBHostResume                        
0     0000c0e3  _USBHostSpeedGet                      
0     0000c106  _USBIntDisableControl                 
0     0000c141  _USBIntEnableControl                  
0     0000c179  _USBIntStatus                         
[...]
0     0000e442  _EPWM10_TZ_ISR                        
0     0000e44c  _EPWM11_TZ_ISR                        
0     0000e456  _EPWM12_TZ_ISR                        
0     0000e460  _EPWM9_ISR                            
0     0000e46a  _EPWM10_ISR                           
0     0000e474  _EPWM11_ISR                           
0     0000e47e  _EPWM12_ISR                           
0     0000e488  _SD1_ISR                              
0     0000e492  _SD2_ISR                              
0     0000e49c  _SPIC_RX_ISR                          
0     0000e4a6  _SPIC_TX_ISR                          
0     0000e4b0  _UPPA_ISR                             
0     0000e4ba  _USBA_ISR                             
0     0000e4c4  _ADCC_EVT_ISR                         
0     0000e4ce  _ADCC2_ISR                            
0     0000e4d8  _ADCC3_ISR                            
0     0000e4e2  _ADCC4_ISR                            
0     0000e4ec  _ADCD_EVT_ISR                         
0     0000e4f6  _ADCD2_ISR                            
0     0000e500  _ADCD3_ISR                            
0     0000e50a  _ADCD4_ISR                            
0     0000e514  _EMIF_ERROR_ISR                       
0     0000e51e  _RAM_CORRECTABLE_ERROR_ISR            
0     0000e528  _FLASH_CORRECTABLE_ERROR_ISR          
0     0000e532  _RAM_ACCESS_VIOLATION_ISR             
0     0000e53c  _SYS_PLL_SLIP_ISR                     
0     0000e546  _AUX_PLL_SLIP_ISR                     
0     0000e550  _CLA_OVERFLOW_ISR                     
0     0000e55a  _CLA_UNDERFLOW_ISR                    
0     0000e564  _PIE_RESERVED_ISR                     
0     0000e56e  _EMPTY_ISR                            
0     0000e57b  _NOTUSED_ISR                          
0     0000e5a4  _UARTParityModeSet                    
0     0000e5c9  _UARTParityModeGet                    
0     0000e5db  _UARTFIFOIntLevelSet                  
0     0000e620  _UARTFIFOIntLevelGet                  
0     0000e63f  _UARTFIFOLevelGet                     
0     0000e660  _UARTConfigSetExpClk                  
0     0000e6a4  _UARTConfigGetExpClk                  
0     0000e6d3  _UARTEnable                           
0     0000e6e8  _UARTDisable                          
0     0000e706  _UARTsetLoopBack                      
0     0000e722  _UARTFIFOEnable                       
0     0000e736  _UARTFIFODisable                      
0     0000e74a  _UARTTxIntModeSet                     
0     0000e771  _UARTTxIntModeGet                     
0     0000e786  _UARTCharsAvail                       
0     0000e7b7  _UARTSpaceAvail                       
0     0000e7d3  _UARTCharGetNonBlocking               
0     0000e803  _UARTCharGet                          
0     0000e826  _UARTCharPutNonBlocking               
0     0000e844  _UARTCharPut                          
0     0000e85c  _UARTBusy                             
0     0000e878  _UARTRXIntRegister                    
0     0000e89b  _UARTTXIntRegister                    
0     0000e8be  _UARTRXIntUnregister                  
0     0000e8df  _UARTTXIntUnregister                  
0     0000e900  _UARTIntEnable                        
0     0000e93c  _UARTIntDisable                       
0     0000e97d  _UARTIntStatus                        
0     0000e9b9  _UARTIntClear                         
0     0000e9f1  _UARTRxErrorGet                       
0     0000ea02  _UARTRxErrorClear                     
0     0000ecf6  _USBHHubMain                          
0     0000ede3  _USBHHubEnumerationComplete           
0     0000edf4  _USBHHubEnumerationError              
0     0000ee05  _USBHHubOpen                          
0     0000ee13  _USBHHubClose                         
0     0000ee1c  _USBHHubInit                          
0     0000ee29  _IntMasterEnable                      
0     0000ee31  _IntMasterDisable                     
0     0000ee39  _IntRegister                          
0     0000ee4c  _IntUnregister                        
0     0000ee61  _IntEnable                            
0     0000eef4  _IntDisable                           
0     0000ef74  _IntIFRClear                          
0     0000eff3  __register_unlock                     
0     0000eff7  __register_lock                       
0     0000effb  __nop                                 
0     0000f143  _SysCtlPeripheralPresent              
0     0000f16b  _SysCtlPeripheralReady                
0     0000f1ae  _SysCtlPeripheralReset                
0     0000f1da  _SysCtlPeripheralEnable               
0     0000f1f4  _SysCtlPeripheralDisable              
0     0000f20f  _SysCtlReset                          
0     0000f219  _SysCtlClockGet                       
0     0000f264  _SysCtlLowSpeedClockGet               
0     0000f27b  _SysCtlClockSet                       
0     0000f31b  _SysCtlAuxClockSet                    
0     0000f399  _SysCtlUSBPLLEnable                   
0     0000f39a  _SysCtlUSBPLLDisable                  
0     0000f39b  _UARTStdioConfig                      
0     0000f3dc  _UARTwrite                            
0     0000f411  _UARTgets                             
0     0000f47d  _UARTgetc                             
0     0000f483  _UARTvprintf                          
0     0000f641  _UARTprintf                           
0     0000f686  _USBStackModeSet                      
0     0000f69c  _USB0DualModeIntHandler               
0     0000f6d7  _USBDualModeInit                      
0     0000f71a  _USBDualModeTerm                      
0     0000f733  _USBOTGModeTerm                       
0     0000f74f  _USBOTGModeInit                       
0     0000f7c3  _USBOTGPollRate                       
0     0000f7cb  _USB0OTGModeIntHandler                
0     0000f84a  _OTGDeviceDisconnect                  
0     0000f858  _USBOTGMain                           
0     0000f902  _USBDeviceConfig                      
0     0000fa4b  _USBDeviceConfigAlternate             
0     0000fb51  _USBDHIDMouseInit                     
0     0000fb7b  _USBDHIDMouseCompositeInit            
0     0000fc01  _USBDHIDMouseTerm                     
0     0000fc15  _USBDHIDMouseSetCBData                
0     0000fc21  _USBDHIDMouseStateChange              
0     0000fc5f  _USBDHIDMousePowerStatusSet           
0     0000fc70  _USBDHIDMouseRemoteWakeupRequest      
0     0000fc81  ___error__                            
0     0000fc86  _MouseHandler                         
0     0000fca8  _WaitForSendIdle                      
0     0000fcc8  _MoveHandler                          
0     0000fd01  _ConfigureUART                        
0     0000fd2d  _main                                 
0     0000fe1c  _USBLibDMAInit                        
0     0000fe79  _USBDescGetNum                        
0     0000fea1  _USBDescGet                           
0     0000fece  _USBDescGetNumAlternateInterfaces     
0     0000ff1e  _USBDescGetInterface                  
0     0000ff38  _USBDescGetInterfaceEndpoint          
0     0000ff4b  FD$$ADD                               
0     0000ffe7  __args_main                           
0     00010000  _f28x_USB0DeviceIntHandler            
0     00010031  _f28x_USB0HostIntHandler              
0     00010062  _f28x_USB0DualModeIntHandler          
0     00010093  FD$$DIV                               
0     0001011e  _InternalUSBTickInit                  
0     00010145  _InternalUSBTickReset                 
0     00010149  _InternalUSBRegisterTickHandler       
0     00010179  _InternalUSBStartOfFrameTick          
0     000101a6  FD$$MPY                               
0     00010229  _USBGPIOEnable                        
0     00010243  _USBGPIODisable                       
0     00010259  _USBDelay                             
0     0001029b  _SysTickInit                          
0     000102a7  _SysTickEnable                        
0     000102ae  _SysTickDisable                       
0     000102b3  _SysTickIntRegister                   
0     000102c2  _SysTickIntUnregister                 
0     000102cd  _SysTickIntEnable                     
0     000102d7  _SysTickIntDisable                    
0     000102e1  _SysTickPeriodSet                     
0     000102f4  _SysTickPeriodGet                     
0     000102f8  _SysTickValueGet                      
0     000102fc  C$$EXIT                               
0     000102fc  _abort                                
0     000102fe  _exit                                 
0     00010325  _InitPieCtrl                          
0     00010344  _EnableInterrupts                     
0     0001034d  _InitPieVectTable                     
0     00010373  _copy_in                              
0     00010397  _SysTickHandler                       
0     000103b9  FD$$TOL                               
0     000103d8  _memcpy                               
0     000103f5  UL$$TOFD                              
0     0001040b  _IntDefaultHandler                    
0     0001041a  FD$$SUB                               
0     00011000  _ConfigDescAlloc                      
0     00011054  _ConfigDescFree                       
0     000110c5  _USBHCDEventEnable                    
0     000110da  _USBHCDEventDisable                   
0     000111af  _USBHCDPipeAllocSize                  
0     000113a3  _USBHCDPipeAlloc                      
0     000113b2  _USBHCDPipeConfig                     
0     00011482  _USBHCDPipeStatus                     
0     00011487  _USBHCDPipeWrite                      
0     00011589  _USBHCDPipeSchedule                   
0     00011630  _USBHCDPipeReadNonBlocking            
0     0001165b  _USBHCDPipeDataAck                    
0     00011678  _USBHCDPipeRead                       
0     00011790  _USBHCDPipeFree                       
0     0001199f  _USBHCDPowerConfigInit                
0     000119a7  _USBHCDPowerConfigGet                 
0     000119ae  _USBHCDPowerConfigSet                 
0     000119d8  _USBHCDPowerAutomatic                 
0     000119e3  _USBHCDInit                           
0     00011a39  _USBHCDRegisterDrivers                
0     00011a44  _USBHCDTerm                           
0     00011aa6  _USBHCDReset                          
0     00011acc  _USBHCDSuspend                        
0     00011ad5  _USBHCDResume                         
0     00011b95  _USBHCDSetAddress                     
0     00011c3e  _USBHCDSetConfig                      
0     00011c62  _USBHCDSetInterface                   
0     00011c8e  _USBHostCheckPipes                    
0     00011d1a  _USBHostIntHandlerInternal            
0     00012093  _USB0HostIntHandler                   
0     0001210e  _InternalUSBHCDSendEvent              
0     000121bb  _USBHCDMain                           
0     00012382  _USBHCDControlTransfer                
0     00012414  _USBHCDHubDeviceConnected             
0     0001246c  _USBHCDHubDeviceDisconnected          
0     0001256c  _USBHCDDevHubPort                     
0     00012580  _USBHCDDevAddress                     
0     00012594  _USBHCDDevClass                       
0     000125b9  _USBHCDDevSubClass                    
0     000125de  _USBHCDDevProtocol                    
1     00000400  __stack                               
1     00000600  __STACK_END                           
1     00000b00  _AdcaResultRegs                       
1     00000b20  _AdcbResultRegs                       
1     00000b40  _AdccResultRegs                       
1     00000b60  _AdcdResultRegs                       
1     00000c00  _CpuTimer0Regs                        
1     00000c08  _CpuTimer1Regs                        
1     00000c10  _CpuTimer2Regs                        
1     00000ce0  _PieCtrlRegs                          
1     00000d00  _EmuKey                               
1     00000d00  _PieVectTable                         
1     00000d01  _EmuBMode                             
1     00001000  _DmaRegs                              
1     00001400  _Cla1Regs                             
1     00004000  _EPwm1Regs                            
1     00004100  _EPwm2Regs                            
1     00004200  _EPwm3Regs                            
1     00004300  _EPwm4Regs                            
1     00004400  _EPwm5Regs                            
1     00004500  _EPwm6Regs                            
1     00004600  _EPwm7Regs                            
1     00004700  _EPwm8Regs                            
1     00004800  _EPwm9Regs                            
1     00004900  _EPwm10Regs                           
1     00004a00  _EPwm11Regs                           
1     00004b00  _EPwm12Regs                           
1     00005000  _ECap1Regs                            
1     00005020  _ECap2Regs                            
1     00005040  _ECap3Regs                            
1     00005060  _ECap4Regs                            
1     00005080  _ECap5Regs                            
1     000050a0  _ECap6Regs                            
1     00005100  _EQep1Regs                            
1     00005140  _EQep2Regs                            
1     00005180  _EQep3Regs                            
1     00005c00  _DacaRegs                             
1     00005c10  _DacbRegs                             
1     00005c20  _DaccRegs                             
1     00005c80  _Cmpss1Regs                           
1     00005ca0  _Cmpss2Regs                           
1     00005cc0  _Cmpss3Regs                           
1     00005ce0  _Cmpss4Regs                           
1     00005d00  _Cmpss5Regs                           
1     00005d20  _Cmpss6Regs                           
1     00005d40  _Cmpss7Regs                           
1     00005d60  _Cmpss8Regs                           
1     00005e00  _Sdfm1Regs                            
1     00005e80  _Sdfm2Regs                            
1     00006000  _McbspaRegs                           
1     00006040  _McbspbRegs                           
1     00006100  _SpiaRegs                             
1     00006110  _SpibRegs                             
1     00006120  _SpicRegs                             
1     00006200  _UppRegs                              
1     00007000  _WdRegs                               
1     00007060  _NmiIntruptRegs                       
1     00007070  _XintRegs                             
1     00007200  _SciaRegs                             
1     00007210  _ScibRegs                             
1     00007220  _ScicRegs                             
1     00007230  _ScidRegs                             
1     00007300  _I2caRegs                             
1     00007340  _I2cbRegs                             
1     00007400  _AdcaRegs                             
1     00007480  _AdcbRegs                             
1     00007500  _AdccRegs                             
1     00007580  _AdcdRegs                             
1     00007900  _InputXbarRegs                        
1     00007920  _XbarRegs                             
1     00007940  _SyncSocRegs                          
1     00007980  _DmaClaSrcSelRegs                     
1     00007a00  _EPwmXbarRegs                         
1     00007a80  _OutputXbarRegs                       
1     00007c00  _GpioCtrlRegs                         
1     00007f00  _GpioDataRegs                         
1     0000838e  _g_sHIDConfigHeader                   
1     00008392  _g_sHIDDescriptorSection              
1     00008396  _g_psHIDSections                      
1     0000839e  _g_pui8HIDInterface                   
1     000083a7  _g_pui8MouseDescriptor                
1     000083b1  _g_iUSBMode                           
1     000083b2  _g_eOTGModeState                      
1     000083b6  _g_ui32PollRate                       
1     000083b8  _g_ui32WaitTicks                      
1     000083ba  _g_bConnected                         
1     000083bb  _g_eMouseState                        
1     000083bc  _g_ulCommands                         
1     000083be  _g_ulSysTickCount                     
1     0000844c  _g_bUSBTimerInitialized               
1     0000844e  _g_ui32CurrentUSBTick                 
1     00008450  _g_ui32USBSOFCount                    
1     00008452  _g_pfnTickHandlers                    
1     0000845e  _g_pvTickInstance                     
1     0000846a  _g_pui8HIDDeviceDescriptor            
1     00008480  _g_ppsDevInfo                         
1     00008484  _g_psDCDInst                          
1     00008500  _g_sMouseInstance                     
1     00008546  _CpuTimer0                            
1     0000854e  _CpuTimer1                            
1     00008556  _CpuTimer2                            
1     0000855e  ___TI_enable_exit_profile_output      
1     00008560  ___TI_cleanup_ptr                     
1     00008562  ___TI_dtors_ptr                       
1     00008564  __lock                                
1     00008566  __unlock                              
1     0000a000  _PieVectTableInit                     
1     0000a2b2  _g_pConfigString                      
1     0000a2e2  _g_pHIDInterfaceString                
1     0000a30a  _g_pManufacturerString                
1     0000a32e  _g_pProductString                     
1     0000a364  _g_sHIDHandlers                       
1     0000a37c  _g_sHIDConfigSection                  
1     0000a380  _g_sHIDInterfaceSection               
1     0000a384  _g_sHIDInEndpointSection              
1     0000a3b9  _g_pSerialNumberString                
1     0000a3ee  _g_sMouseDevice                       
1     0000a3fc  _g_pStringDescriptors                 
1     0000a41c  _g_sUSBHubClassDriver                 
1     0000a424  _g_pui8HIDInEndpoint                  
1     0000a432  _g_pLangDescriptor                    
1     0000a436  _g_ppsHIDConfigDescriptors            
1     00047000  _Emif1Regs                            
1     00047800  _Emif2Regs                            
1     00050024  _FlashPumpSemaphoreRegs               
1     0005d000  _DevCfgRegs                           
1     0005d180  _AnalogSubsysRegs                     
1     0005d200  _ClkCfgRegs                           
1     0005d300  _CpuSysRegs                           
1     0005e608  _RomPrefetchRegs                      
1     0005f000  _DcsmZ1Regs                           
1     0005f040  _DcsmZ2Regs                           
1     0005f070  _DcsmCommonRegs                       
1     0005f400  _MemCfgRegs                           
1     0005f480  _Emif1ConfigRegs                      
1     0005f4a0  _Emif2ConfigRegs                      
1     0005f4c0  _AccessProtectionRegs                 
1     0005f500  _MemoryErrorRegs                      
1     0005f540  _RomWaitStateRegs                     
1     0005f800  _Flash0CtrlRegs                       
1     0005fb00  _Flash0EccRegs                        
1     0005fc00  _Flash1CtrlRegs                       
1     0005ff00  _Flash1EccRegs                        
1     00078000  _DcsmZ1Otp                            
1     00078200  _DcsmZ2Otp                            
abs   00000200  __STACK_SIZE                          
abs   ffffffff  .text                                 
abs   ffffffff  ___TI_pprof_out_hndl                  
abs   ffffffff  ___TI_prof_data_size                  
abs   ffffffff  ___TI_prof_data_start                 
abs   ffffffff  ___binit__                            
abs   ffffffff  ___c_args__                           
abs   ffffffff  ___etext__                            
abs   ffffffff  ___pinit__                            
abs   ffffffff  ___text__                             
abs   ffffffff  binit                                 
abs   ffffffff  etext                                 
abs   ffffffff  pinit                                 

[575 symbols]
